Archive member included to satisfy reference by file (symbol)

C:/ST/STM32CubeIDE_1.13.0/STM32CubeIDE/plugins/com.st.stm32cube.ide.mcu.externaltools.gnu-tools-for-stm32.11.3.rel1.win32_1.1.0.202305231506/tools/bin/../lib/gcc/arm-none-eabi/11.3.1/../../../../arm-none-eabi/lib/thumb/v7e-m+fp/hard\libc_nano.a(libc_a-exit.o)
                              C:/ST/STM32CubeIDE_1.13.0/STM32CubeIDE/plugins/com.st.stm32cube.ide.mcu.externaltools.gnu-tools-for-stm32.11.3.rel1.win32_1.1.0.202305231506/tools/bin/../lib/gcc/arm-none-eabi/11.3.1/../../../../arm-none-eabi/lib/thumb/v7e-m+fp/hard/crt0.o (exit)
C:/ST/STM32CubeIDE_1.13.0/STM32CubeIDE/plugins/com.st.stm32cube.ide.mcu.externaltools.gnu-tools-for-stm32.11.3.rel1.win32_1.1.0.202305231506/tools/bin/../lib/gcc/arm-none-eabi/11.3.1/../../../../arm-none-eabi/lib/thumb/v7e-m+fp/hard\libc_nano.a(libc_a-findfp.o)
                              ./Source/ThirdParty/Middlewares/Third_Party/FreeRTOS/Source/tasks.o (__sf)
C:/ST/STM32CubeIDE_1.13.0/STM32CubeIDE/plugins/com.st.stm32cube.ide.mcu.externaltools.gnu-tools-for-stm32.11.3.rel1.win32_1.1.0.202305231506/tools/bin/../lib/gcc/arm-none-eabi/11.3.1/../../../../arm-none-eabi/lib/thumb/v7e-m+fp/hard\libc_nano.a(libc_a-fwalk.o)
                              C:/ST/STM32CubeIDE_1.13.0/STM32CubeIDE/plugins/com.st.stm32cube.ide.mcu.externaltools.gnu-tools-for-stm32.11.3.rel1.win32_1.1.0.202305231506/tools/bin/../lib/gcc/arm-none-eabi/11.3.1/../../../../arm-none-eabi/lib/thumb/v7e-m+fp/hard\libc_nano.a(libc_a-findfp.o) (_fwalk_sglue)
C:/ST/STM32CubeIDE_1.13.0/STM32CubeIDE/plugins/com.st.stm32cube.ide.mcu.externaltools.gnu-tools-for-stm32.11.3.rel1.win32_1.1.0.202305231506/tools/bin/../lib/gcc/arm-none-eabi/11.3.1/../../../../arm-none-eabi/lib/thumb/v7e-m+fp/hard\libc_nano.a(libc_a-stdio.o)
                              C:/ST/STM32CubeIDE_1.13.0/STM32CubeIDE/plugins/com.st.stm32cube.ide.mcu.externaltools.gnu-tools-for-stm32.11.3.rel1.win32_1.1.0.202305231506/tools/bin/../lib/gcc/arm-none-eabi/11.3.1/../../../../arm-none-eabi/lib/thumb/v7e-m+fp/hard\libc_nano.a(libc_a-findfp.o) (__sread)
C:/ST/STM32CubeIDE_1.13.0/STM32CubeIDE/plugins/com.st.stm32cube.ide.mcu.externaltools.gnu-tools-for-stm32.11.3.rel1.win32_1.1.0.202305231506/tools/bin/../lib/gcc/arm-none-eabi/11.3.1/../../../../arm-none-eabi/lib/thumb/v7e-m+fp/hard\libc_nano.a(libc_a-memset.o)
                              C:/ST/STM32CubeIDE_1.13.0/STM32CubeIDE/plugins/com.st.stm32cube.ide.mcu.externaltools.gnu-tools-for-stm32.11.3.rel1.win32_1.1.0.202305231506/tools/bin/../lib/gcc/arm-none-eabi/11.3.1/../../../../arm-none-eabi/lib/thumb/v7e-m+fp/hard/crt0.o (memset)
C:/ST/STM32CubeIDE_1.13.0/STM32CubeIDE/plugins/com.st.stm32cube.ide.mcu.externaltools.gnu-tools-for-stm32.11.3.rel1.win32_1.1.0.202305231506/tools/bin/../lib/gcc/arm-none-eabi/11.3.1/../../../../arm-none-eabi/lib/thumb/v7e-m+fp/hard\libc_nano.a(libc_a-closer.o)
                              C:/ST/STM32CubeIDE_1.13.0/STM32CubeIDE/plugins/com.st.stm32cube.ide.mcu.externaltools.gnu-tools-for-stm32.11.3.rel1.win32_1.1.0.202305231506/tools/bin/../lib/gcc/arm-none-eabi/11.3.1/../../../../arm-none-eabi/lib/thumb/v7e-m+fp/hard\libc_nano.a(libc_a-stdio.o) (_close_r)
C:/ST/STM32CubeIDE_1.13.0/STM32CubeIDE/plugins/com.st.stm32cube.ide.mcu.externaltools.gnu-tools-for-stm32.11.3.rel1.win32_1.1.0.202305231506/tools/bin/../lib/gcc/arm-none-eabi/11.3.1/../../../../arm-none-eabi/lib/thumb/v7e-m+fp/hard\libc_nano.a(libc_a-reent.o)
                              ./Source/ThirdParty/Middlewares/Third_Party/FreeRTOS/Source/tasks.o (_reclaim_reent)
C:/ST/STM32CubeIDE_1.13.0/STM32CubeIDE/plugins/com.st.stm32cube.ide.mcu.externaltools.gnu-tools-for-stm32.11.3.rel1.win32_1.1.0.202305231506/tools/bin/../lib/gcc/arm-none-eabi/11.3.1/../../../../arm-none-eabi/lib/thumb/v7e-m+fp/hard\libc_nano.a(libc_a-impure.o)
                              ./Source/ThirdParty/Middlewares/Third_Party/FreeRTOS/Source/tasks.o (_impure_ptr)
C:/ST/STM32CubeIDE_1.13.0/STM32CubeIDE/plugins/com.st.stm32cube.ide.mcu.externaltools.gnu-tools-for-stm32.11.3.rel1.win32_1.1.0.202305231506/tools/bin/../lib/gcc/arm-none-eabi/11.3.1/../../../../arm-none-eabi/lib/thumb/v7e-m+fp/hard\libc_nano.a(libc_a-lseekr.o)
                              C:/ST/STM32CubeIDE_1.13.0/STM32CubeIDE/plugins/com.st.stm32cube.ide.mcu.externaltools.gnu-tools-for-stm32.11.3.rel1.win32_1.1.0.202305231506/tools/bin/../lib/gcc/arm-none-eabi/11.3.1/../../../../arm-none-eabi/lib/thumb/v7e-m+fp/hard\libc_nano.a(libc_a-stdio.o) (_lseek_r)
C:/ST/STM32CubeIDE_1.13.0/STM32CubeIDE/plugins/com.st.stm32cube.ide.mcu.externaltools.gnu-tools-for-stm32.11.3.rel1.win32_1.1.0.202305231506/tools/bin/../lib/gcc/arm-none-eabi/11.3.1/../../../../arm-none-eabi/lib/thumb/v7e-m+fp/hard\libc_nano.a(libc_a-readr.o)
[...]
Memory Configuration

Name             Origin             Length             Attributes
RAM              0x0000000020000000 0x0000000000050000 xrw
FLASH            0x0000000008000000 0x0000000000100000 xr
*default*        0x0000000000000000 0xffffffffffffffff

Linker script and memory map

LOAD C:/ST/STM32CubeIDE_1.13.0/STM32CubeIDE/plugins/com.st.stm32cube.ide.mcu.externaltools.gnu-tools-for-stm32.11.3.rel1.win32_1.1.0.202305231506/tools/bin/../lib/gcc/arm-none-eabi/11.3.1/thumb/v7e-m+fp/hard/crti.o
LOAD C:/ST/STM32CubeIDE_1.13.0/STM32CubeIDE/plugins/com.st.stm32cube.ide.mcu.externaltools.gnu-tools-for-stm32.11.3.rel1.win32_1.1.0.202305231506/tools/bin/../lib/gcc/arm-none-eabi/11.3.1/thumb/v7e-m+fp/hard/crtbegin.o
LOAD C:/ST/STM32CubeIDE_1.13.0/STM32CubeIDE/plugins/com.st.stm32cube.ide.mcu.externaltools.gnu-tools-for-stm32.11.3.rel1.win32_1.1.0.202305231506/tools/bin/../lib/gcc/arm-none-eabi/11.3.1/../../../../arm-none-eabi/lib/thumb/v7e-m+fp/hard/crt0.o
LOAD ./Source/API/led_api.o
LOAD ./Source/APP/main.o
LOAD ./Source/Driver/uart_driver.o
LOAD ./Source/ThirdParty/Core/Src/freertos.o
LOAD ./Source/ThirdParty/Core/Src/gpio.o
LOAD ./Source/ThirdParty/Core/Src/stm32f4xx_hal_msp.o
LOAD ./Source/ThirdParty/Core/Src/stm32f4xx_hal_timebase_tim.o
LOAD ./Source/ThirdParty/Core/Src/stm32f4xx_it.o
LOAD ./Source/ThirdParty/Core/Src/syscalls.o
LOAD ./Source/ThirdParty/Core/Src/sysmem.o
LOAD ./Source/ThirdParty/Core/Src/system_stm32f4xx.o
LOAD ./Source/ThirdParty/Core/Src/tim.o
LOAD ./Source/ThirdParty/Core/Src/usart.o
LOAD ./Source/ThirdParty/Core/Startup/startup_stm32f413zgjx.o
LOAD ./Source/ThirdParty/Drivers/STM32F4xx_HAL_Driver/Src/stm32f4xx_hal.o
LOAD ./Source/ThirdParty/Drivers/STM32F4xx_HAL_Driver/Src/stm32f4xx_hal_cortex.o
LOAD ./Source/ThirdParty/Drivers/STM32F4xx_HAL_Driver/Src/stm32f4xx_hal_dma.o
LOAD ./Source/ThirdParty/Drivers/STM32F4xx_HAL_Driver/Src/stm32f4xx_hal_dma_ex.o
LOAD ./Source/ThirdParty/Drivers/STM32F4xx_HAL_Driver/Src/stm32f4xx_hal_exti.o
LOAD ./Source/ThirdParty/Drivers/STM32F4xx_HAL_Driver/Src/stm32f4xx_hal_flash.o
LOAD ./Source/ThirdParty/Drivers/STM32F4xx_HAL_Driver/Src/stm32f4xx_hal_flash_ex.o
LOAD ./Source/ThirdParty/Drivers/STM32F4xx_HAL_Driver/Src/stm32f4xx_hal_flash_ramfunc.o
LOAD ./Source/ThirdParty/Drivers/STM32F4xx_HAL_Driver/Src/stm32f4xx_hal_gpio.o
LOAD ./Source/ThirdParty/Drivers/STM32F4xx_HAL_Driver/Src/stm32f4xx_hal_pwr.o
LOAD ./Source/ThirdParty/Drivers/STM32F4xx_HAL_Driver/Src/stm32f4xx_hal_pwr_ex.o
LOAD ./Source/ThirdParty/Drivers/STM32F4xx_HAL_Driver/Src/stm32f4xx_hal_rcc.o
LOAD ./Source/ThirdParty/Drivers/STM32F4xx_HAL_Driver/Src/stm32f4xx_hal_rcc_ex.o
LOAD ./Source/ThirdParty/Drivers/STM32F4xx_HAL_Driver/Src/stm32f4xx_hal_tim.o
LOAD ./Source/ThirdParty/Drivers/STM32F4xx_HAL_Driver/Src/stm32f4xx_hal_tim_ex.o
LOAD ./Source/ThirdParty/Drivers/STM32F4xx_HAL_Driver/Src/stm32f4xx_ll_dma.o
LOAD ./Source/ThirdParty/Drivers/STM32F4xx_HAL_Driver/Src/stm32f4xx_ll_exti.o
LOAD ./Source/ThirdParty/Drivers/STM32F4xx_HAL_Driver/Src/stm32f4xx_ll_gpio.o
LOAD ./Source/ThirdParty/Drivers/STM32F4xx_HAL_Driver/Src/stm32f4xx_ll_rcc.o
LOAD ./Source/ThirdParty/Drivers/STM32F4xx_HAL_Driver/Src/stm32f4xx_ll_tim.o
LOAD ./Source/ThirdParty/Drivers/STM32F4xx_HAL_Driver/Src/stm32f4xx_ll_usart.o
LOAD ./Source/ThirdParty/Drivers/STM32F4xx_HAL_Driver/Src/stm32f4xx_ll_utils.o
LOAD ./Source/ThirdParty/Middlewares/Third_Party/FreeRTOS/Source/CMSIS_RTOS_V2/cmsis_os2.o
LOAD ./Source/ThirdParty/Middlewares/Third_Party/FreeRTOS/Source/croutine.o
LOAD ./Source/ThirdParty/Middlewares/Third_Party/FreeRTOS/Source/event_groups.o
LOAD ./Source/ThirdParty/Middlewares/Third_Party/FreeRTOS/Source/list.o
LOAD ./Source/ThirdParty/Middlewares/Third_Party/FreeRTOS/Source/queue.o
LOAD ./Source/ThirdParty/Middlewares/Third_Party/FreeRTOS/Source/stream_buffer.o
LOAD ./Source/ThirdParty/Middlewares/Third_Party/FreeRTOS/Source/tasks.o
LOAD ./Source/ThirdParty/Middlewares/Third_Party/FreeRTOS/Source/timers.o
LOAD ./Source/ThirdParty/Middlewares/Third_Party/FreeRTOS/Source/portable/GCC/ARM_CM4F/port.o
LOAD ./Source/ThirdParty/Middlewares/Third_Party/FreeRTOS/Source/portable/MemMang/heap_4.o
START GROUP
LOAD C:/ST/STM32CubeIDE_1.13.0/STM32CubeIDE/plugins/com.st.stm32cube.ide.mcu.externaltools.gnu-tools-for-stm32.11.3.rel1.win32_1.1.0.202305231506/tools/bin/../lib/gcc/arm-none-eabi/11.3.1/../../../../arm-none-eabi/lib/thumb/v7e-m+fp/hard\libc_nano.a
LOAD C:/ST/STM32CubeIDE_1.13.0/STM32CubeIDE/plugins/com.st.stm32cube.ide.mcu.externaltools.gnu-tools-for-stm32.11.3.rel1.win32_1.1.0.202305231506/tools/bin/../lib/gcc/arm-none-eabi/11.3.1/../../../../arm-none-eabi/lib/thumb/v7e-m+fp/hard\libm.a
END GROUP
START GROUP
LOAD C:/ST/STM32CubeIDE_1.13.0/STM32CubeIDE/plugins/com.st.stm32cube.ide.mcu.externaltools.gnu-tools-for-stm32.11.3.rel1.win32_1.1.0.202305231506/tools/bin/../lib/gcc/arm-none-eabi/11.3.1/thumb/v7e-m+fp/hard\libgcc.a
LOAD C:/ST/STM32CubeIDE_1.13.0/STM32CubeIDE/plugins/com.st.stm32cube.ide.mcu.externaltools.gnu-tools-for-stm32.11.3.rel1.win32_1.1.0.202305231506/tools/bin/../lib/gcc/arm-none-eabi/11.3.1/../../../../arm-none-eabi/lib/thumb/v7e-m+fp/hard\libc_nano.a
END GROUP
START GROUP
LOAD C:/ST/STM32CubeIDE_1.13.0/STM32CubeIDE/plugins/com.st.stm32cube.ide.mcu.externaltools.gnu-tools-for-stm32.11.3.rel1.win32_1.1.0.202305231506/tools/bin/../lib/gcc/arm-none-eabi/11.3.1/thumb/v7e-m+fp/hard\libgcc.a
LOAD C:/ST/STM32CubeIDE_1.13.0/STM32CubeIDE/plugins/com.st.stm32cube.ide.mcu.externaltools.gnu-tools-for-stm32.11.3.rel1.win32_1.1.0.202305231506/tools/bin/../lib/gcc/arm-none-eabi/11.3.1/../../../../arm-none-eabi/lib/thumb/v7e-m+fp/hard\libc_nano.a
LOAD C:/ST/STM32CubeIDE_1.13.0/STM32CubeIDE/plugins/com.st.stm32cube.ide.mcu.externaltools.gnu-tools-for-stm32.11.3.rel1.win32_1.1.0.202305231506/tools/bin/../lib/gcc/arm-none-eabi/11.3.1/../../../../arm-none-eabi/lib/thumb/v7e-m+fp/hard\libnosys.a
END GROUP
START GROUP
LOAD C:/ST/STM32CubeIDE_1.13.0/STM32CubeIDE/plugins/com.st.stm32cube.ide.mcu.externaltools.gnu-tools-for-stm32.11.3.rel1.win32_1.1.0.202305231506/tools/bin/../lib/gcc/arm-none-eabi/11.3.1/thumb/v7e-m+fp/hard\libgcc.a
LOAD C:/ST/STM32CubeIDE_1.13.0/STM32CubeIDE/plugins/com.st.stm32cube.ide.mcu.externaltools.gnu-tools-for-stm32.11.3.rel1.win32_1.1.0.202305231506/tools/bin/../lib/gcc/arm-none-eabi/11.3.1/../../../../arm-none-eabi/lib/thumb/v7e-m+fp/hard\libc_nano.a
LOAD C:/ST/STM32CubeIDE_1.13.0/STM32CubeIDE/plugins/com.st.stm32cube.ide.mcu.externaltools.gnu-tools-for-stm32.11.3.rel1.win32_1.1.0.202305231506/tools/bin/../lib/gcc/arm-none-eabi/11.3.1/../../../../arm-none-eabi/lib/thumb/v7e-m+fp/hard\libnosys.a
END GROUP
LOAD C:/ST/STM32CubeIDE_1.13.0/STM32CubeIDE/plugins/com.st.stm32cube.ide.mcu.externaltools.gnu-tools-for-stm32.11.3.rel1.win32_1.1.0.202305231506/tools/bin/../lib/gcc/arm-none-eabi/11.3.1/thumb/v7e-m+fp/hard/crtend.o
LOAD C:/ST/STM32CubeIDE_1.13.0/STM32CubeIDE/plugins/com.st.stm32cube.ide.mcu.externaltools.gnu-tools-for-stm32.11.3.rel1.win32_1.1.0.202305231506/tools/bin/../lib/gcc/arm-none-eabi/11.3.1/thumb/v7e-m+fp/hard/crtn.o
                0x0000000020050000                _estack = (ORIGIN (RAM) + LENGTH (RAM))
                0x0000000000000200                _Min_Heap_Size = 0x200
                0x0000000000000400                _Min_Stack_Size = 0x400

.isr_vector     0x0000000008000000      0x1d8
                0x0000000008000000                . = ALIGN (0x4)
 *(.isr_vector)
 .isr_vector    0x0000000008000000      0x1d8 ./Source/ThirdParty/Core/Startup/startup_stm32f413zgjx.o
                0x0000000008000000                g_pfnVectors
                0x00000000080001d8                . = ALIGN (0x4)

.text           0x00000000080001e0     0x3aec
                0x00000000080001e0                . = ALIGN (0x4)
 *(.text)
 .text          0x00000000080001e0       0x40 C:/ST/STM32CubeIDE_1.13.0/STM32CubeIDE/plugins/com.st.stm32cube.ide.mcu.externaltools.gnu-tools-for-stm32.11.3.rel1.win32_1.1.0.202305231506/tools/bin/../lib/gcc/arm-none-eabi/11.3.1/thumb/v7e-m+fp/hard/crtbegin.o
 *(.text*)
 .text.__NVIC_GetPriorityGrouping
                0x0000000008000220       0x1c ./Source/APP/main.o
 .text.__NVIC_EnableIRQ
                0x000000000800023c       0x3c ./Source/APP/main.o
 .text.__NVIC_SetPriority
                0x0000000008000278       0x54 ./Source/APP/main.o
 .text.NVIC_EncodePriority
                0x00000000080002cc       0x66 ./Source/APP/main.o
 *fill*         0x0000000008000332        0x2 
 .text.LL_RCC_HSI_Enable
                0x0000000008000334       0x20 ./Source/APP/main.o
 .text.LL_RCC_HSI_IsReady
                0x0000000008000354       0x24 ./Source/APP/main.o
 .text.LL_RCC_HSI_SetCalibTrimming
                0x0000000008000378       0x2c ./Source/APP/main.o
 .text.LL_RCC_SetSysClkSource
                0x00000000080003a4       0x28 ./Source/APP/main.o
 .text.LL_RCC_GetSysClkSource
                0x00000000080003cc       0x1c ./Source/APP/main.o
 .text.LL_RCC_SetAHBPrescaler
                0x00000000080003e8       0x28 ./Source/APP/main.o
 .text.LL_RCC_SetAPB1Prescaler
                0x0000000008000410       0x28 ./Source/APP/main.o
 .text.LL_RCC_SetAPB2Prescaler
                0x0000000008000438       0x28 ./Source/APP/main.o
 .text.LL_RCC_SetTIMPrescaler
                0x0000000008000460       0x2c ./Source/APP/main.o
 .text.LL_RCC_PLL_Enable
                0x000000000800048c       0x20 ./Source/APP/main.o
 .text.LL_RCC_PLL_IsReady
                0x00000000080004ac       0x28 ./Source/APP/main.o
 .text.LL_RCC_PLL_ConfigDomain_SYS
                0x00000000080004d4       0x4c ./Source/APP/main.o
 .text.LL_FLASH_SetLatency
                0x0000000008000520       0x28 ./Source/APP/main.o
 .text.LL_FLASH_GetLatency
                0x0000000008000548       0x1c ./Source/APP/main.o
 .text.LL_PWR_SetRegulVoltageScaling
                0x0000000008000564       0x28 ./Source/APP/main.o
 .text.LL_APB1_GRP1_EnableClock
                0x000000000800058c       0x30 ./Source/APP/main.o
 .text.LL_TIM_EnableCounter
                0x00000000080005bc       0x20 ./Source/APP/main.o
 .text.LL_TIM_DisableARRPreload
                0x00000000080005dc       0x20 ./Source/APP/main.o
 .text.LL_TIM_ClearFlag_UPDATE
                0x00000000080005fc       0x1c ./Source/APP/main.o
 .text.LL_TIM_IsActiveFlag_UPDATE
                0x0000000008000618       0x26 ./Source/APP/main.o
 .text.LL_TIM_EnableIT_UPDATE
                0x000000000800063e       0x20 ./Source/APP/main.o
 *fill*         0x000000000800065e        0x2 
 .text.SystemClock_Config
                0x0000000008000660       0x9c ./Source/APP/main.o
 .text.TIM13_Init
                0x00000000080006fc       0x6c ./Source/APP/main.o
 .text.main     0x0000000008000768       0x1a ./Source/APP/main.o
                0x0000000008000768                main
 .text.HAL_TIM_PeriodElapsedCallback
                0x0000000008000782       0x1e ./Source/APP/main.o
                0x0000000008000782                HAL_TIM_PeriodElapsedCallback
 .text.configureTimerForRunTimeStats
                0x00000000080007a0       0x24 ./Source/APP/main.o
                0x00000000080007a0                configureTimerForRunTimeStats
 .text.getRunTimeCounterValue
                0x00000000080007c4       0x18 ./Source/APP/main.o
                0x00000000080007c4                getRunTimeCounterValue
 .text.TIM8_UP_TIM13_IRQHandler
                0x00000000080007dc       0x2c ./Source/APP/main.o
                0x00000000080007dc                TIM8_UP_TIM13_IRQHandler
 .text.HAL_MspInit
                0x0000000008000808       0x58 ./Source/ThirdParty/Core/Src/stm32f4xx_hal_msp.o
                0x0000000008000808                HAL_MspInit
 .text.HAL_InitTick
                0x0000000008000860       0xb4 ./Source/ThirdParty/Core/Src/stm32f4xx_hal_timebase_tim.o
                0x0000000008000860                HAL_InitTick
 .text.NMI_Handler
                0x0000000008000914        0x6 ./Source/ThirdParty/Core/Src/stm32f4xx_it.o
                0x0000000008000914                NMI_Handler
 .text.HardFault_Handler
                0x000000000800091a        0x6 ./Source/ThirdParty/Core/Src/stm32f4xx_it.o
                0x000000000800091a                HardFault_Handler
 .text.MemManage_Handler
                0x0000000008000920        0x6 ./Source/ThirdParty/Core/Src/stm32f4xx_it.o
                0x0000000008000920                MemManage_Handler
 .text.BusFault_Handler
                0x0000000008000926        0x6 ./Source/ThirdParty/Core/Src/stm32f4xx_it.o
                0x0000000008000926                BusFault_Handler
 .text.UsageFault_Handler
                0x000000000800092c        0x6 ./Source/ThirdParty/Core/Src/stm32f4xx_it.o
                0x000000000800092c                UsageFault_Handler
 .text.DebugMon_Handler
                0x0000000008000932        0xe ./Source/ThirdParty/Core/Src/stm32f4xx_it.o
                0x0000000008000932                DebugMon_Handler
 .text.TIM2_IRQHandler
                0x0000000008000940       0x14 ./Source/ThirdParty/Core/Src/stm32f4xx_it.o
                0x0000000008000940                TIM2_IRQHandler
 .text.SystemInit
                0x0000000008000954       0x24 ./Source/ThirdParty/Core/Src/system_stm32f4xx.o
                0x0000000008000954                SystemInit
 .text.Reset_Handler
                0x0000000008000978       0x50 ./Source/ThirdParty/Core/Startup/startup_stm32f413zgjx.o
                0x0000000008000978                Reset_Handler
 .text.Default_Handler
                0x00000000080009c8        0x2 ./Source/ThirdParty/Core/Startup/startup_stm32f413zgjx.o
                0x00000000080009c8                RTC_Alarm_IRQHandler
                0x00000000080009c8                EXTI2_IRQHandler
                0x00000000080009c8                TIM8_CC_IRQHandler
                0x00000000080009c8                UART8_IRQHandler
                0x00000000080009c8                FMPI2C1_EV_IRQHandler
                0x00000000080009c8                SPI4_IRQHandler
                0x00000000080009c8                TIM1_CC_IRQHandler
                0x00000000080009c8                DMA2_Stream5_IRQHandler
                0x00000000080009c8                DMA1_Stream5_IRQHandler
                0x00000000080009c8                CAN3_RX1_IRQHandler
                0x00000000080009c8                PVD_IRQHandler
                0x00000000080009c8                SDIO_IRQHandler
                0x00000000080009c8                TAMP_STAMP_IRQHandler
                0x00000000080009c8                CAN2_RX1_IRQHandler
                0x00000000080009c8                EXTI3_IRQHandler
                0x00000000080009c8                TIM8_TRG_COM_TIM14_IRQHandler
                0x00000000080009c8                DFSDM1_FLT1_IRQHandler
                0x00000000080009c8                TIM1_UP_TIM10_IRQHandler
                0x00000000080009c8                I2C3_ER_IRQHandler
                0x00000000080009c8                EXTI0_IRQHandler
                0x00000000080009c8                I2C2_EV_IRQHandler
                0x00000000080009c8                DMA1_Stream2_IRQHandler
                0x00000000080009c8                CAN1_RX0_IRQHandler
                0x00000000080009c8                FPU_IRQHandler
                0x00000000080009c8                CAN3_SCE_IRQHandler
                0x00000000080009c8                CAN2_SCE_IRQHandler
                0x00000000080009c8                DMA2_Stream2_IRQHandler
                0x00000000080009c8                SPI1_IRQHandler
                0x00000000080009c8                TIM6_DAC_IRQHandler
                0x00000000080009c8                TIM1_BRK_TIM9_IRQHandler
                0x00000000080009c8                CAN2_RX0_IRQHandler
                0x00000000080009c8                DMA2_Stream3_IRQHandler
                0x00000000080009c8                USART6_IRQHandler
                0x00000000080009c8                CAN3_RX0_IRQHandler
                0x00000000080009c8                USART3_IRQHandler
                0x00000000080009c8                DFSDM2_FLT3_IRQHandler
                0x00000000080009c8                CAN1_RX1_IRQHandler
                0x00000000080009c8                UART5_IRQHandler
                0x00000000080009c8                DMA2_Stream0_IRQHandler
                0x00000000080009c8                TIM4_IRQHandler
                0x00000000080009c8                QUADSPI_IRQHandler
                0x00000000080009c8                I2C1_EV_IRQHandler
                0x00000000080009c8                DMA1_Stream6_IRQHandler
                0x00000000080009c8                DMA1_Stream1_IRQHandler
                0x00000000080009c8                UART4_IRQHandler
                0x00000000080009c8                TIM3_IRQHandler
                0x00000000080009c8                RCC_IRQHandler
                0x00000000080009c8                UART9_IRQHandler
                0x00000000080009c8                TIM8_BRK_TIM12_IRQHandler
                0x00000000080009c8                Default_Handler
                0x00000000080009c8                EXTI15_10_IRQHandler
                0x00000000080009c8                ADC_IRQHandler
                0x00000000080009c8                DMA1_Stream7_IRQHandler
                0x00000000080009c8                DFSDM2_FLT0_IRQHandler
                0x00000000080009c8                SPI5_IRQHandler
                0x00000000080009c8                TIM7_IRQHandler
                0x00000000080009c8                CAN2_TX_IRQHandler
                0x00000000080009c8                TIM5_IRQHandler
                0x00000000080009c8                DMA2_Stream7_IRQHandler
                0x00000000080009c8                I2C3_EV_IRQHandler
                0x00000000080009c8                DFSDM2_FLT2_IRQHandler
                0x00000000080009c8                EXTI9_5_IRQHandler
                0x00000000080009c8                RTC_WKUP_IRQHandler
                0x00000000080009c8                SPI2_IRQHandler
                0x00000000080009c8                DMA1_Stream0_IRQHandler
                0x00000000080009c8                CAN1_TX_IRQHandler
                0x00000000080009c8                FMPI2C1_ER_IRQHandler
                0x00000000080009c8                EXTI4_IRQHandler
                0x00000000080009c8                DFSDM2_FLT1_IRQHandler
                0x00000000080009c8                RNG_IRQHandler
                0x00000000080009c8                FSMC_IRQHandler
                0x00000000080009c8                WWDG_IRQHandler
                0x00000000080009c8                CAN3_TX_IRQHandler
                0x00000000080009c8                OTG_FS_WKUP_IRQHandler
                0x00000000080009c8                TIM1_TRG_COM_TIM11_IRQHandler
                0x00000000080009c8                EXTI1_IRQHandler
                0x00000000080009c8                UART7_IRQHandler
                0x00000000080009c8                USART2_IRQHandler
                0x00000000080009c8                DFSDM1_FLT0_IRQHandler
                0x00000000080009c8                I2C2_ER_IRQHandler
                0x00000000080009c8                DMA2_Stream1_IRQHandler
                0x00000000080009c8                CAN1_SCE_IRQHandler
                0x00000000080009c8                FLASH_IRQHandler
                0x00000000080009c8                DMA2_Stream4_IRQHandler
                0x00000000080009c8                USART1_IRQHandler
                0x00000000080009c8                OTG_FS_IRQHandler
                0x00000000080009c8                SPI3_IRQHandler
                0x00000000080009c8                DMA1_Stream4_IRQHandler
                0x00000000080009c8                I2C1_ER_IRQHandler
                0x00000000080009c8                LPTIM1_IRQHandler
                0x00000000080009c8                DMA2_Stream6_IRQHandler
                0x00000000080009c8                UART10_IRQHandler
                0x00000000080009c8                SAI1_IRQHandler
                0x00000000080009c8                DMA1_Stream3_IRQHandler
 *fill*         0x00000000080009ca        0x2 
 .text.HAL_Init
                0x00000000080009cc       0x44 ./Source/ThirdParty/Drivers/STM32F4xx_HAL_Driver/Src/stm32f4xx_hal.o
                0x00000000080009cc                HAL_Init
 .text.HAL_IncTick
                0x0000000008000a10       0x28 ./Source/ThirdParty/Drivers/STM32F4xx_HAL_Driver/Src/stm32f4xx_hal.o
                0x0000000008000a10                HAL_IncTick
 .text.__NVIC_SetPriorityGrouping
                0x0000000008000a38       0x48 ./Source/ThirdParty/Drivers/STM32F4xx_HAL_Driver/Src/stm32f4xx_hal_cortex.o
 .text.__NVIC_GetPriorityGrouping
                0x0000000008000a80       0x1c ./Source/ThirdParty/Drivers/STM32F4xx_HAL_Driver/Src/stm32f4xx_hal_cortex.o
 .text.__NVIC_EnableIRQ
                0x0000000008000a9c       0x3c ./Source/ThirdParty/Drivers/STM32F4xx_HAL_Driver/Src/stm32f4xx_hal_cortex.o
 .text.__NVIC_SetPriority
                0x0000000008000ad8       0x54 ./Source/ThirdParty/Drivers/STM32F4xx_HAL_Driver/Src/stm32f4xx_hal_cortex.o
 .text.NVIC_EncodePriority
                0x0000000008000b2c       0x66 ./Source/ThirdParty/Drivers/STM32F4xx_HAL_Driver/Src/stm32f4xx_hal_cortex.o
 .text.HAL_NVIC_SetPriorityGrouping
                0x0000000008000b92       0x16 ./Source/ThirdParty/Drivers/STM32F4xx_HAL_Driver/Src/stm32f4xx_hal_cortex.o
                0x0000000008000b92                HAL_NVIC_SetPriorityGrouping
 .text.HAL_NVIC_SetPriority
                0x0000000008000ba8       0x38 ./Source/ThirdParty/Drivers/STM32F4xx_HAL_Driver/Src/stm32f4xx_hal_cortex.o
                0x0000000008000ba8                HAL_NVIC_SetPriority
 .text.HAL_NVIC_EnableIRQ
                0x0000000008000be0       0x1c ./Source/ThirdParty/Drivers/STM32F4xx_HAL_Driver/Src/stm32f4xx_hal_cortex.o
                0x0000000008000be0                HAL_NVIC_EnableIRQ
 .text.HAL_RCC_GetHCLKFreq
                0x0000000008000bfc       0x18 ./Source/ThirdParty/Drivers/STM32F4xx_HAL_Driver/Src/stm32f4xx_hal_rcc.o
                0x0000000008000bfc                HAL_RCC_GetHCLKFreq
 .text.HAL_RCC_GetPCLK1Freq
                0x0000000008000c14       0x28 ./Source/ThirdParty/Drivers/STM32F4xx_HAL_Driver/Src/stm32f4xx_hal_rcc.o
                0x0000000008000c14                HAL_RCC_GetPCLK1Freq
 .text.HAL_RCC_GetClockConfig
                0x0000000008000c3c       0x64 ./Source/ThirdParty/Drivers/STM32F4xx_HAL_Driver/Src/stm32f4xx_hal_rcc.o
                0x0000000008000c3c                HAL_RCC_GetClockConfig
 .text.HAL_TIM_Base_Init
                0x0000000008000ca0       0x9e ./Source/ThirdParty/Drivers/STM32F4xx_HAL_Driver/Src/stm32f4xx_hal_tim.o
                0x0000000008000ca0                HAL_TIM_Base_Init
 .text.HAL_TIM_Base_MspInit
                0x0000000008000d3e       0x14 ./Source/ThirdParty/Drivers/STM32F4xx_HAL_Driver/Src/stm32f4xx_hal_tim.o
                0x0000000008000d3e                HAL_TIM_Base_MspInit
 *fill*         0x0000000008000d52        0x2 
 .text.HAL_TIM_Base_Start_IT
                0x0000000008000d54       0xe0 ./Source/ThirdParty/Drivers/STM32F4xx_HAL_Driver/Src/stm32f4xx_hal_tim.o
                0x0000000008000d54                HAL_TIM_Base_Start_IT
 .text.HAL_TIM_IRQHandler
                0x0000000008000e34      0x210 ./Source/ThirdParty/Drivers/STM32F4xx_HAL_Driver/Src/stm32f4xx_hal_tim.o
                0x0000000008000e34                HAL_TIM_IRQHandler
 .text.HAL_TIM_OC_DelayElapsedCallback
                0x0000000008001044       0x14 ./Source/ThirdParty/Drivers/STM32F4xx_HAL_Driver/Src/stm32f4xx_hal_tim.o
                0x0000000008001044                HAL_TIM_OC_DelayElapsedCallback
 .text.HAL_TIM_IC_CaptureCallback
                0x0000000008001058       0x14 ./Source/ThirdParty/Drivers/STM32F4xx_HAL_Driver/Src/stm32f4xx_hal_tim.o
                0x0000000008001058                HAL_TIM_IC_CaptureCallback
 .text.HAL_TIM_PWM_PulseFinishedCallback
                0x000000000800106c       0x14 ./Source/ThirdParty/Drivers/STM32F4xx_HAL_Driver/Src/stm32f4xx_hal_tim.o
                0x000000000800106c                HAL_TIM_PWM_PulseFinishedCallback
 .text.HAL_TIM_TriggerCallback
                0x0000000008001080       0x14 ./Source/ThirdParty/Drivers/STM32F4xx_HAL_Driver/Src/stm32f4xx_hal_tim.o
                0x0000000008001080                HAL_TIM_TriggerCallback
 .text.TIM_Base_SetConfig
                0x0000000008001094      0x140 ./Source/ThirdParty/Drivers/STM32F4xx_HAL_Driver/Src/stm32f4xx_hal_tim.o
                0x0000000008001094                TIM_Base_SetConfig
 .text.HAL_TIMEx_CommutCallback
                0x00000000080011d4       0x14 ./Source/ThirdParty/Drivers/STM32F4xx_HAL_Driver/Src/stm32f4xx_hal_tim_ex.o
                0x00000000080011d4                HAL_TIMEx_CommutCallback
 .text.HAL_TIMEx_BreakCallback
                0x00000000080011e8       0x14 ./Source/ThirdParty/Drivers/STM32F4xx_HAL_Driver/Src/stm32f4xx_hal_tim_ex.o
                0x00000000080011e8                HAL_TIMEx_BreakCallback
 .text.LL_TIM_SetPrescaler
                0x00000000080011fc       0x1c ./Source/ThirdParty/Drivers/STM32F4xx_HAL_Driver/Src/stm32f4xx_ll_tim.o
 .text.LL_TIM_SetAutoReload
                0x0000000008001218       0x1c ./Source/ThirdParty/Drivers/STM32F4xx_HAL_Driver/Src/stm32f4xx_ll_tim.o
 .text.LL_TIM_SetRepetitionCounter
                0x0000000008001234       0x1c ./Source/ThirdParty/Drivers/STM32F4xx_HAL_Driver/Src/stm32f4xx_ll_tim.o
 .text.LL_TIM_GenerateEvent_UPDATE
                0x0000000008001250       0x20 ./Source/ThirdParty/Drivers/STM32F4xx_HAL_Driver/Src/stm32f4xx_ll_tim.o
 .text.LL_TIM_Init
                0x0000000008001270      0x134 ./Source/ThirdParty/Drivers/STM32F4xx_HAL_Driver/Src/stm32f4xx_ll_tim.o
                0x0000000008001270                LL_TIM_Init
 .text.LL_SetSystemCoreClock
                0x00000000080013a4       0x20 ./Source/ThirdParty/Drivers/STM32F4xx_HAL_Driver/Src/stm32f4xx_ll_utils.o
                0x00000000080013a4                LL_SetSystemCoreClock
 .text.__NVIC_SetPriority
                0x00000000080013c4       0x54 ./Source/ThirdParty/Middlewares/Third_Party/FreeRTOS/Source/CMSIS_RTOS_V2/cmsis_os2.o
 .text.SysTick_Handler
                0x0000000008001418       0x20 ./Source/ThirdParty/Middlewares/Third_Party/FreeRTOS/Source/CMSIS_RTOS_V2/cmsis_os2.o
                0x0000000008001418                SysTick_Handler
 .text.SVC_Setup
                0x0000000008001438       0x12 ./Source/ThirdParty/Middlewares/Third_Party/FreeRTOS/Source/CMSIS_RTOS_V2/cmsis_os2.o
 *fill*         0x000000000800144a        0x2 
 .text.osKernelInitialize
                0x000000000800144c       0x48 ./Source/ThirdParty/Middlewares/Third_Party/FreeRTOS/Source/CMSIS_RTOS_V2/cmsis_os2.o
                0x000000000800144c                osKernelInitialize
 .text.osKernelStart
                0x0000000008001494       0x4c ./Source/ThirdParty/Middlewares/Third_Party/FreeRTOS/Source/CMSIS_RTOS_V2/cmsis_os2.o
                0x0000000008001494                osKernelStart
 .text.vApplicationGetIdleTaskMemory
                0x00000000080014e0       0x34 ./Source/ThirdParty/Middlewares/Third_Party/FreeRTOS/Source/CMSIS_RTOS_V2/cmsis_os2.o
                0x00000000080014e0                vApplicationGetIdleTaskMemory
 .text.vApplicationGetTimerTaskMemory
                0x0000000008001514       0x34 ./Source/ThirdParty/Middlewares/Third_Party/FreeRTOS/Source/CMSIS_RTOS_V2/cmsis_os2.o
                0x0000000008001514                vApplicationGetTimerTaskMemory
 .text.vListInitialise
                0x0000000008001548       0x40 ./Source/ThirdParty/Middlewares/Third_Party/FreeRTOS/Source/list.o
                0x0000000008001548                vListInitialise
 .text.vListInitialiseItem
                0x0000000008001588       0x1a ./Source/ThirdParty/Middlewares/Third_Party/FreeRTOS/Source/list.o
                0x0000000008001588                vListInitialiseItem
 .text.vListInsertEnd
                0x00000000080015a2       0x48 ./Source/ThirdParty/Middlewares/Third_Party/FreeRTOS/Source/list.o
                0x00000000080015a2                vListInsertEnd
 .text.vListInsert
                0x00000000080015ea       0x72 ./Source/ThirdParty/Middlewares/Third_Party/FreeRTOS/Source/list.o
                0x00000000080015ea                vListInsert
 .text.uxListRemove
                0x000000000800165c       0x54 ./Source/ThirdParty/Middlewares/Third_Party/FreeRTOS/Source/list.o
                0x000000000800165c                uxListRemove
 .text.xQueueGenericReset
                0x00000000080016b0       0xd0 ./Source/ThirdParty/Middlewares/Third_Party/FreeRTOS/Source/queue.o
                0x00000000080016b0                xQueueGenericReset
 .text.xQueueGenericCreateStatic
                0x0000000008001780       0xf0 ./Source/ThirdParty/Middlewares/Third_Party/FreeRTOS/Source/queue.o
                0x0000000008001780                xQueueGenericCreateStatic
 .text.prvInitialiseNewQueue
                0x0000000008001870       0x46 ./Source/ThirdParty/Middlewares/Third_Party/FreeRTOS/Source/queue.o
 *fill*         0x00000000080018b6        0x2 
 .text.xQueueGenericSend
                0x00000000080018b8      0x1fc ./Source/ThirdParty/Middlewares/Third_Party/FreeRTOS/Source/queue.o
                0x00000000080018b8                xQueueGenericSend
 .text.xQueueGenericSendFromISR
                0x0000000008001ab4      0x136 ./Source/ThirdParty/Middlewares/Third_Party/FreeRTOS/Source/queue.o
                0x0000000008001ab4                xQueueGenericSendFromISR
 *fill*         0x0000000008001bea        0x2 
 .text.xQueueReceive
                0x0000000008001bec      0x1c0 ./Source/ThirdParty/Middlewares/Third_Party/FreeRTOS/Source/queue.o
                0x0000000008001bec                xQueueReceive
 .text.prvCopyDataToQueue
                0x0000000008001dac       0xd4 ./Source/ThirdParty/Middlewares/Third_Party/FreeRTOS/Source/queue.o
 .text.prvCopyDataFromQueue
                0x0000000008001e80       0x4c ./Source/ThirdParty/Middlewares/Third_Party/FreeRTOS/Source/queue.o
 .text.prvUnlockQueue
                0x0000000008001ecc       0xa4 ./Source/ThirdParty/Middlewares/Third_Party/FreeRTOS/Source/queue.o
 .text.prvIsQueueEmpty
                0x0000000008001f70       0x2c ./Source/ThirdParty/Middlewares/Third_Party/FreeRTOS/Source/queue.o
 .text.prvIsQueueFull
                0x0000000008001f9c       0x30 ./Source/ThirdParty/Middlewares/Third_Party/FreeRTOS/Source/queue.o
 .text.vQueueAddToRegistry
                0x0000000008001fcc       0x54 ./Source/ThirdParty/Middlewares/Third_Party/FreeRTOS/Source/queue.o
                0x0000000008001fcc                vQueueAddToRegistry
 .text.vQueueWaitForMessageRestricted
                0x0000000008002020       0x68 ./Source/ThirdParty/Middlewares/Third_Party/FreeRTOS/Source/queue.o
                0x0000000008002020                vQueueWaitForMessageRestricted
 .text.xTaskCreateStatic
                0x0000000008002088       0xba ./Source/ThirdParty/Middlewares/Third_Party/FreeRTOS/Source/tasks.o
                0x0000000008002088                xTaskCreateStatic
 *fill*         0x0000000008002142        0x2 
 .text.prvInitialiseNewTask
                0x0000000008002144      0x158 ./Source/ThirdParty/Middlewares/Third_Party/FreeRTOS/Source/tasks.o
 .text.prvAddNewTaskToReadyList
                0x000000000800229c       0xe0 ./Source/ThirdParty/Middlewares/Third_Party/FreeRTOS/Source/tasks.o
 .text.vTaskStartScheduler
                0x000000000800237c       0xe4 ./Source/ThirdParty/Middlewares/Third_Party/FreeRTOS/Source/tasks.o
                0x000000000800237c                vTaskStartScheduler
 .text.vTaskSuspendAll
                0x0000000008002460       0x1c ./Source/ThirdParty/Middlewares/Third_Party/FreeRTOS/Source/tasks.o
                0x0000000008002460                vTaskSuspendAll
 .text.xTaskResumeAll
                0x000000000800247c      0x13c ./Source/ThirdParty/Middlewares/Third_Party/FreeRTOS/Source/tasks.o
                0x000000000800247c                xTaskResumeAll
 .text.xTaskGetTickCount
                0x00000000080025b8       0x20 ./Source/ThirdParty/Middlewares/Third_Party/FreeRTOS/Source/tasks.o
                0x00000000080025b8                xTaskGetTickCount
 .text.xTaskIncrementTick
                0x00000000080025d8      0x174 ./Source/ThirdParty/Middlewares/Third_Party/FreeRTOS/Source/tasks.o
                0x00000000080025d8                xTaskIncrementTick
 .text.vTaskSwitchContext
                0x000000000800274c      0x100 ./Source/ThirdParty/Middlewares/Third_Party/FreeRTOS/Source/tasks.o
                0x000000000800274c                vTaskSwitchContext
 .text.vTaskPlaceOnEventList
                0x000000000800284c       0x48 ./Source/ThirdParty/Middlewares/Third_Party/FreeRTOS/Source/tasks.o
                0x000000000800284c                vTaskPlaceOnEventList
 .text.vTaskPlaceOnEventListRestricted
                0x0000000008002894       0x58 ./Source/ThirdParty/Middlewares/Third_Party/FreeRTOS/Source/tasks.o
                0x0000000008002894                vTaskPlaceOnEventListRestricted
 .text.xTaskRemoveFromEventList
                0x00000000080028ec       0xc8 ./Source/ThirdParty/Middlewares/Third_Party/FreeRTOS/Source/tasks.o
                0x00000000080028ec                xTaskRemoveFromEventList
 .text.vTaskInternalSetTimeOutState
                0x00000000080029b4       0x2c ./Source/ThirdParty/Middlewares/Third_Party/FreeRTOS/Source/tasks.o
                0x00000000080029b4                vTaskInternalSetTimeOutState
 .text.xTaskCheckForTimeOut
                0x00000000080029e0       0xc4 ./Source/ThirdParty/Middlewares/Third_Party/FreeRTOS/Source/tasks.o
                0x00000000080029e0                xTaskCheckForTimeOut
 .text.vTaskMissedYield
                0x0000000008002aa4       0x18 ./Source/ThirdParty/Middlewares/Third_Party/FreeRTOS/Source/tasks.o
                0x0000000008002aa4                vTaskMissedYield
 .text.prvIdleTask
                0x0000000008002abc       0x30 ./Source/ThirdParty/Middlewares/Third_Party/FreeRTOS/Source/tasks.o
 .text.prvInitialiseTaskLists
                0x0000000008002aec       0x80 ./Source/ThirdParty/Middlewares/Third_Party/FreeRTOS/Source/tasks.o
 .text.prvCheckTasksWaitingTermination
                0x0000000008002b6c       0x5c ./Source/ThirdParty/Middlewares/Third_Party/FreeRTOS/Source/tasks.o
 .text.prvDeleteTCB
                0x0000000008002bc8       0x68 ./Source/ThirdParty/Middlewares/Third_Party/FreeRTOS/Source/tasks.o
 .text.prvResetNextTaskUnblockTime
                0x0000000008002c30       0x40 ./Source/ThirdParty/Middlewares/Third_Party/FreeRTOS/Source/tasks.o
 .text.xTaskGetSchedulerState
                0x0000000008002c70       0x3c ./Source/ThirdParty/Middlewares/Third_Party/FreeRTOS/Source/tasks.o
                0x0000000008002c70                xTaskGetSchedulerState
 .text.xTaskPriorityDisinherit
                0x0000000008002cac       0xdc ./Source/ThirdParty/Middlewares/Third_Party/FreeRTOS/Source/tasks.o
                0x0000000008002cac                xTaskPriorityDisinherit
 .text.prvAddCurrentTaskToDelayedList
                0x0000000008002d88       0xa8 ./Source/ThirdParty/Middlewares/Third_Party/FreeRTOS/Source/tasks.o
 .text.xTimerCreateTimerTask
                0x0000000008002e30       0x90 ./Source/ThirdParty/Middlewares/Third_Party/FreeRTOS/Source/timers.o
                0x0000000008002e30                xTimerCreateTimerTask
 .text.xTimerGenericCommand
                0x0000000008002ec0       0x9c ./Source/ThirdParty/Middlewares/Third_Party/FreeRTOS/Source/timers.o
                0x0000000008002ec0                xTimerGenericCommand
 .text.prvProcessExpiredTimer
                0x0000000008002f5c       0x98 ./Source/ThirdParty/Middlewares/Third_Party/FreeRTOS/Source/timers.o
 .text.prvTimerTask
                0x0000000008002ff4       0x24 ./Source/ThirdParty/Middlewares/Third_Party/FreeRTOS/Source/timers.o
 .text.prvProcessTimerOrBlockTask
                0x0000000008003018       0x9c ./Source/ThirdParty/Middlewares/Third_Party/FreeRTOS/Source/timers.o
 .text.prvGetNextExpireTime
                0x00000000080030b4       0x48 ./Source/ThirdParty/Middlewares/Third_Party/FreeRTOS/Source/timers.o
 .text.prvSampleTimeNow
                0x00000000080030fc       0x40 ./Source/ThirdParty/Middlewares/Third_Party/FreeRTOS/Source/timers.o
 .text.prvInsertTimerInActiveList
                0x000000000800313c       0x84 ./Source/ThirdParty/Middlewares/Third_Party/FreeRTOS/Source/timers.o
 .text.prvProcessReceivedCommands
                0x00000000080031c0      0x1c4 ./Source/ThirdParty/Middlewares/Third_Party/FreeRTOS/Source/timers.o
 .text.prvSwitchTimerLists
                0x0000000008003384       0xc8 ./Source/ThirdParty/Middlewares/Third_Party/FreeRTOS/Source/timers.o
 .text.prvCheckForValidListAndQueue
                0x000000000800344c       0x80 ./Source/ThirdParty/Middlewares/Third_Party/FreeRTOS/Source/timers.o
 .text.pxPortInitialiseStack
                0x00000000080034cc       0x68 ./Source/ThirdParty/Middlewares/Third_Party/FreeRTOS/Source/portable/GCC/ARM_CM4F/port.o
                0x00000000080034cc                pxPortInitialiseStack
 .text.prvTaskExitError
                0x0000000008003534       0x58 ./Source/ThirdParty/Middlewares/Third_Party/FreeRTOS/Source/portable/GCC/ARM_CM4F/port.o
 *fill*         0x000000000800358c        0x4 
 .text.SVC_Handler
                0x0000000008003590       0x28 ./Source/ThirdParty/Middlewares/Third_Party/FreeRTOS/Source/portable/GCC/ARM_CM4F/port.o
                0x0000000008003590                SVC_Handler
 .text.prvPortStartFirstTask
                0x00000000080035b8       0x28 ./Source/ThirdParty/Middlewares/Third_Party/FreeRTOS/Source/portable/GCC/ARM_CM4F/port.o
 .text.xPortStartScheduler
                0x00000000080035e0      0x144 ./Source/ThirdParty/Middlewares/Third_Party/FreeRTOS/Source/portable/GCC/ARM_CM4F/port.o
                0x00000000080035e0                xPortStartScheduler
 .text.vPortEnterCritical
                0x0000000008003724       0x60 ./Source/ThirdParty/Middlewares/Third_Party/FreeRTOS/Source/portable/GCC/ARM_CM4F/port.o
                0x0000000008003724                vPortEnterCritical
 .text.vPortExitCritical
                0x0000000008003784       0x54 ./Source/ThirdParty/Middlewares/Third_Party/FreeRTOS/Source/portable/GCC/ARM_CM4F/port.o
                0x0000000008003784                vPortExitCritical
 *fill*         0x00000000080037d8        0x8 
 .text.PendSV_Handler
                0x00000000080037e0       0x68 ./Source/ThirdParty/Middlewares/Third_Party/FreeRTOS/Source/portable/GCC/ARM_CM4F/port.o
                0x00000000080037e0                PendSV_Handler
 .text.xPortSysTickHandler
                0x0000000008003848       0x44 ./Source/ThirdParty/Middlewares/Third_Party/FreeRTOS/Source/portable/GCC/ARM_CM4F/port.o
                0x0000000008003848                xPortSysTickHandler
 .text.vPortSetupTimerInterrupt
                0x000000000800388c       0x48 ./Source/ThirdParty/Middlewares/Third_Party/FreeRTOS/Source/portable/GCC/ARM_CM4F/port.o
                0x000000000800388c                vPortSetupTimerInterrupt
 .text.vPortEnableVFP
                0x00000000080038d4       0x14 ./Source/ThirdParty/Middlewares/Third_Party/FreeRTOS/Source/portable/GCC/ARM_CM4F/port.o
 .text.vPortValidateInterruptPriority
                0x00000000080038e8       0x80 ./Source/ThirdParty/Middlewares/Third_Party/FreeRTOS/Source/portable/GCC/ARM_CM4F/port.o
                0x00000000080038e8                vPortValidateInterruptPriority
 .text.vPortFree
                0x0000000008003968       0xc4 ./Source/ThirdParty/Middlewares/Third_Party/FreeRTOS/Source/portable/MemMang/heap_4.o
                0x0000000008003968                vPortFree
 .text.prvInsertBlockIntoFreeList
                0x0000000008003a2c       0xb4 ./Source/ThirdParty/Middlewares/Third_Party/FreeRTOS/Source/portable/MemMang/heap_4.o
 .text.memset   0x0000000008003ae0       0x10 C:/ST/STM32CubeIDE_1.13.0/STM32CubeIDE/plugins/com.st.stm32cube.ide.mcu.externaltools.gnu-tools-for-stm32.11.3.rel1.win32_1.1.0.202305231506/tools/bin/../lib/gcc/arm-none-eabi/11.3.1/../../../../arm-none-eabi/lib/thumb/v7e-m+fp/hard\libc_nano.a(libc_a-memset.o)
                0x0000000008003ae0                memset
 .text._reclaim_reent
                0x0000000008003af0       0xac C:/ST/STM32CubeIDE_1.13.0/STM32CubeIDE/plugins/com.st.stm32cube.ide.mcu.externaltools.gnu-tools-for-stm32.11.3.rel1.win32_1.1.0.202305231506/tools/bin/../lib/gcc/arm-none-eabi/11.3.1/../../../../arm-none-eabi/lib/thumb/v7e-m+fp/hard\libc_nano.a(libc_a-reent.o)
                0x0000000008003af0                _reclaim_reent
 .text.__libc_init_array
                0x0000000008003b9c       0x48 C:/ST/STM32CubeIDE_1.13.0/STM32CubeIDE/plugins/com.st.stm32cube.ide.mcu.externaltools.gnu-tools-for-stm32.11.3.rel1.win32_1.1.0.202305231506/tools/bin/../lib/gcc/arm-none-eabi/11.3.1/../../../../arm-none-eabi/lib/thumb/v7e-m+fp/hard\libc_nano.a(libc_a-init.o)
                0x0000000008003b9c                __libc_init_array
 .text.__retarget_lock_acquire_recursive
                0x0000000008003be4        0x2 C:/ST/STM32CubeIDE_1.13.0/STM32CubeIDE/plugins/com.st.stm32cube.ide.mcu.externaltools.gnu-tools-for-stm32.11.3.rel1.win32_1.1.0.202305231506/tools/bin/../lib/gcc/arm-none-eabi/11.3.1/../../../../arm-none-eabi/lib/thumb/v7e-m+fp/hard\libc_nano.a(libc_a-lock.o)
                0x0000000008003be4                __retarget_lock_acquire_recursive
 .text.__retarget_lock_release_recursive
                0x0000000008003be6        0x2 C:/ST/STM32CubeIDE_1.13.0/STM32CubeIDE/plugins/com.st.stm32cube.ide.mcu.externaltools.gnu-tools-for-stm32.11.3.rel1.win32_1.1.0.202305231506/tools/bin/../lib/gcc/arm-none-eabi/11.3.1/../../../../arm-none-eabi/lib/thumb/v7e-m+fp/hard\libc_nano.a(libc_a-lock.o)
                0x0000000008003be6                __retarget_lock_release_recursive
 .text.memcpy   0x0000000008003be8       0x1c C:/ST/STM32CubeIDE_1.13.0/STM32CubeIDE/plugins/com.st.stm32cube.ide.mcu.externaltools.gnu-tools-for-stm32.11.3.rel1.win32_1.1.0.202305231506/tools/bin/../lib/gcc/arm-none-eabi/11.3.1/../../../../arm-none-eabi/lib/thumb/v7e-m+fp/hard\libc_nano.a(libc_a-memcpy-stub.o)
                0x0000000008003be8                memcpy
 .text._free_r  0x0000000008003c04       0x98 C:/ST/STM32CubeIDE_1.13.0/STM32CubeIDE/plugins/com.st.stm32cube.ide.mcu.externaltools.gnu-tools-for-stm32.11.3.rel1.win32_1.1.0.202305231506/tools/bin/../lib/gcc/arm-none-eabi/11.3.1/../../../../arm-none-eabi/lib/thumb/v7e-m+fp/hard\libc_nano.a(libc_a-freer.o)
                0x0000000008003c04                _free_r
 .text.__malloc_lock
                0x0000000008003c9c        0xc C:/ST/STM32CubeIDE_1.13.0/STM32CubeIDE/plugins/com.st.stm32cube.ide.mcu.externaltools.gnu-tools-for-stm32.11.3.rel1.win32_1.1.0.202305231506/tools/bin/../lib/gcc/arm-none-eabi/11.3.1/../../../../arm-none-eabi/lib/thumb/v7e-m+fp/hard\libc_nano.a(libc_a-mlock.o)
                0x0000000008003c9c                __malloc_lock
 .text.__malloc_unlock
                0x0000000008003ca8        0xc C:/ST/STM32CubeIDE_1.13.0/STM32CubeIDE/plugins/com.st.stm32cube.ide.mcu.externaltools.gnu-tools-for-stm32.11.3.rel1.win32_1.1.0.202305231506/tools/bin/../lib/gcc/arm-none-eabi/11.3.1/../../../../arm-none-eabi/lib/thumb/v7e-m+fp/hard\libc_nano.a(libc_a-mlock.o)
                0x0000000008003ca8                __malloc_unlock
 *(.glue_7)
 .glue_7        0x0000000008003cb4        0x0 linker stubs
 *(.glue_7t)
 .glue_7t       0x0000000008003cb4        0x0 linker stubs
 *(.eh_frame)
 .eh_frame      0x0000000008003cb4        0x0 C:/ST/STM32CubeIDE_1.13.0/STM32CubeIDE/plugins/com.st.stm32cube.ide.mcu.externaltools.gnu-tools-for-stm32.11.3.rel1.win32_1.1.0.202305231506/tools/bin/../lib/gcc/arm-none-eabi/11.3.1/thumb/v7e-m+fp/hard/crtbegin.o
 *(.init)
 .init          0x0000000008003cb4        0x4 C:/ST/STM32CubeIDE_1.13.0/STM32CubeIDE/plugins/com.st.stm32cube.ide.mcu.externaltools.gnu-tools-for-stm32.11.3.rel1.win32_1.1.0.202305231506/tools/bin/../lib/gcc/arm-none-eabi/11.3.1/thumb/v7e-m+fp/hard/crti.o
                0x0000000008003cb4                _init
 .init          0x0000000008003cb8        0x8 C:/ST/STM32CubeIDE_1.13.0/STM32CubeIDE/plugins/com.st.stm32cube.ide.mcu.externaltools.gnu-tools-for-stm32.11.3.rel1.win32_1.1.0.202305231506/tools/bin/../lib/gcc/arm-none-eabi/11.3.1/thumb/v7e-m+fp/hard/crtn.o
 *(.fini)
 .fini          0x0000000008003cc0        0x4 C:/ST/STM32CubeIDE_1.13.0/STM32CubeIDE/plugins/com.st.stm32cube.ide.mcu.externaltools.gnu-tools-for-stm32.11.3.rel1.win32_1.1.0.202305231506/tools/bin/../lib/gcc/arm-none-eabi/11.3.1/thumb/v7e-m+fp/hard/crti.o
                0x0000000008003cc0                _fini
 .fini          0x0000000008003cc4        0x8 C:/ST/STM32CubeIDE_1.13.0/STM32CubeIDE/plugins/com.st.stm32cube.ide.mcu.externaltools.gnu-tools-for-stm32.11.3.rel1.win32_1.1.0.202305231506/tools/bin/../lib/gcc/arm-none-eabi/11.3.1/thumb/v7e-m+fp/hard/crtn.o
                0x0000000008003ccc                . = ALIGN (0x4)
                0x0000000008003ccc                _etext = .

.vfp11_veneer   0x0000000008003ccc        0x0
 .vfp11_veneer  0x0000000008003ccc        0x0 linker stubs

.v4_bx          0x0000000008003ccc        0x0
 .v4_bx         0x0000000008003ccc        0x0 linker stubs

.iplt           0x0000000008003ccc        0x0
 .iplt          0x0000000008003ccc        0x0 C:/ST/STM32CubeIDE_1.13.0/STM32CubeIDE/plugins/com.st.stm32cube.ide.mcu.externaltools.gnu-tools-for-stm32.11.3.rel1.win32_1.1.0.202305231506/tools/bin/../lib/gcc/arm-none-eabi/11.3.1/thumb/v7e-m+fp/hard/crtbegin.o

.rodata         0x0000000008003ccc       0x20
                0x0000000008003ccc                . = ALIGN (0x4)
 *(.rodata)
 .rodata        0x0000000008003ccc        0x5 ./Source/ThirdParty/Middlewares/Third_Party/FreeRTOS/Source/tasks.o
 *fill*         0x0000000008003cd1        0x3 
 .rodata        0x0000000008003cd4        0xd ./Source/ThirdParty/Middlewares/Third_Party/FreeRTOS/Source/timers.o
 *(.rodata*)
 *fill*         0x0000000008003ce1        0x3 
 .rodata.APBPrescTable
                0x0000000008003ce4        0x8 ./Source/ThirdParty/Core/Src/system_stm32f4xx.o
                0x0000000008003ce4                APBPrescTable
                0x0000000008003cec                . = ALIGN (0x4)

.rel.dyn        0x0000000008003cec        0x0
 .rel.iplt      0x0000000008003cec        0x0 C:/ST/STM32CubeIDE_1.13.0/STM32CubeIDE/plugins/com.st.stm32cube.ide.mcu.externaltools.gnu-tools-for-stm32.11.3.rel1.win32_1.1.0.202305231506/tools/bin/../lib/gcc/arm-none-eabi/11.3.1/thumb/v7e-m+fp/hard/crtbegin.o

.ARM.extab      0x0000000008003cec        0x0
                0x0000000008003cec                . = ALIGN (0x4)
 *(.ARM.extab* .gnu.linkonce.armextab.*)
                0x0000000008003cec                . = ALIGN (0x4)

.ARM            0x0000000008003cec        0x0
                0x0000000008003cec                . = ALIGN (0x4)
                0x0000000008003cec                __exidx_start = .
 *(.ARM.exidx*)
                0x0000000008003cec                __exidx_end = .
                0x0000000008003cec                . = ALIGN (0x4)

.preinit_array  0x0000000008003cec        0x0
                0x0000000008003cec                . = ALIGN (0x4)
                0x0000000008003cec                PROVIDE (__preinit_array_start = .)
 *(.preinit_array*)
                0x0000000008003cec                PROVIDE (__preinit_array_end = .)
                0x0000000008003cec                . = ALIGN (0x4)

.init_array     0x0000000008003cec        0x4
                0x0000000008003cec                . = ALIGN (0x4)
                0x0000000008003cec                PROVIDE (__init_array_start = .)
 *(SORT_BY_NAME(.init_array.*))
 *(.init_array*)
 .init_array    0x0000000008003cec        0x4 C:/ST/STM32CubeIDE_1.13.0/STM32CubeIDE/plugins/com.st.stm32cube.ide.mcu.externaltools.gnu-tools-for-stm32.11.3.rel1.win32_1.1.0.202305231506/tools/bin/../lib/gcc/arm-none-eabi/11.3.1/thumb/v7e-m+fp/hard/crtbegin.o
                0x0000000008003cf0                PROVIDE (__init_array_end = .)
                0x0000000008003cf0                . = ALIGN (0x4)

.fini_array     0x0000000008003cf0        0x4
                0x0000000008003cf0                . = ALIGN (0x4)
                [!provide]                        PROVIDE (__fini_array_start = .)
 *(SORT_BY_NAME(.fini_array.*))
 *(.fini_array*)
 .fini_array    0x0000000008003cf0        0x4 C:/ST/STM32CubeIDE_1.13.0/STM32CubeIDE/plugins/com.st.stm32cube.ide.mcu.externaltools.gnu-tools-for-stm32.11.3.rel1.win32_1.1.0.202305231506/tools/bin/../lib/gcc/arm-none-eabi/11.3.1/thumb/v7e-m+fp/hard/crtbegin.o
                [!provide]                        PROVIDE (__fini_array_end = .)
                0x0000000008003cf4                . = ALIGN (0x4)
                0x0000000008003cf4                _sidata = LOADADDR (.data)

.data           0x0000000020000000       0x5c load address 0x0000000008003cf4
                0x0000000020000000                . = ALIGN (0x4)
                0x0000000020000000                _sdata = .
 *(.data)
 *(.data*)
 .data.SystemCoreClock
                0x0000000020000000        0x4 ./Source/ThirdParty/Core/Src/system_stm32f4xx.o
                0x0000000020000000                SystemCoreClock
 .data.uwTickFreq
                0x0000000020000004        0x1 ./Source/ThirdParty/Drivers/STM32F4xx_HAL_Driver/Src/stm32f4xx_hal.o
                0x0000000020000004                uwTickFreq
 *fill*         0x0000000020000005        0x3 
 .data.uxCriticalNesting
                0x0000000020000008        0x4 ./Source/ThirdParty/Middlewares/Third_Party/FreeRTOS/Source/portable/GCC/ARM_CM4F/port.o
 .data._impure_data
                0x000000002000000c       0x4c C:/ST/STM32CubeIDE_1.13.0/STM32CubeIDE/plugins/com.st.stm32cube.ide.mcu.externaltools.gnu-tools-for-stm32.11.3.rel1.win32_1.1.0.202305231506/tools/bin/../lib/gcc/arm-none-eabi/11.3.1/../../../../arm-none-eabi/lib/thumb/v7e-m+fp/hard\libc_nano.a(libc_a-impure.o)
                0x000000002000000c                _impure_data
 .data._impure_ptr
                0x0000000020000058        0x4 C:/ST/STM32CubeIDE_1.13.0/STM32CubeIDE/plugins/com.st.stm32cube.ide.mcu.externaltools.gnu-tools-for-stm32.11.3.rel1.win32_1.1.0.202305231506/tools/bin/../lib/gcc/arm-none-eabi/11.3.1/../../../../arm-none-eabi/lib/thumb/v7e-m+fp/hard\libc_nano.a(libc_a-impure.o)
                0x0000000020000058                _impure_ptr
 *(.RamFunc)
 *(.RamFunc*)
                0x000000002000005c                . = ALIGN (0x4)
                0x000000002000005c                _edata = .

.igot.plt       0x000000002000005c        0x0 load address 0x0000000008003d50
 .igot.plt      0x000000002000005c        0x0 C:/ST/STM32CubeIDE_1.13.0/STM32CubeIDE/plugins/com.st.stm32cube.ide.mcu.externaltools.gnu-tools-for-stm32.11.3.rel1.win32_1.1.0.202305231506/tools/bin/../lib/gcc/arm-none-eabi/11.3.1/thumb/v7e-m+fp/hard/crtbegin.o
                0x000000002000005c                . = ALIGN (0x4)

.bss            0x000000002000005c      0xfa4 load address 0x0000000008003d50
                0x000000002000005c                _sbss = .
                0x000000002000005c                __bss_start__ = _sbss
 *(.bss)
 .bss           0x000000002000005c       0x1c C:/ST/STM32CubeIDE_1.13.0/STM32CubeIDE/plugins/com.st.stm32cube.ide.mcu.externaltools.gnu-tools-for-stm32.11.3.rel1.win32_1.1.0.202305231506/tools/bin/../lib/gcc/arm-none-eabi/11.3.1/thumb/v7e-m+fp/hard/crtbegin.o
 *(.bss*)
 .bss.ulHighFrequencyTimerTicks
                0x0000000020000078        0x4 ./Source/APP/main.o
                0x0000000020000078                ulHighFrequencyTimerTicks
 .bss.htim2     0x000000002000007c       0x48 ./Source/ThirdParty/Core/Src/stm32f4xx_hal_timebase_tim.o
                0x000000002000007c                htim2
 .bss.uwTick    0x00000000200000c4        0x4 ./Source/ThirdParty/Drivers/STM32F4xx_HAL_Driver/Src/stm32f4xx_hal.o
                0x00000000200000c4                uwTick
 .bss.KernelState
                0x00000000200000c8        0x4 ./Source/ThirdParty/Middlewares/Third_Party/FreeRTOS/Source/CMSIS_RTOS_V2/cmsis_os2.o
 .bss.Idle_TCB.3
                0x00000000200000cc       0xb0 ./Source/ThirdParty/Middlewares/Third_Party/FreeRTOS/Source/CMSIS_RTOS_V2/cmsis_os2.o
 .bss.Idle_Stack.2
                0x000000002000017c      0x200 ./Source/ThirdParty/Middlewares/Third_Party/FreeRTOS/Source/CMSIS_RTOS_V2/cmsis_os2.o
 .bss.Timer_TCB.1
                0x000000002000037c       0xb0 ./Source/ThirdParty/Middlewares/Third_Party/FreeRTOS/Source/CMSIS_RTOS_V2/cmsis_os2.o
 .bss.Timer_Stack.0
                0x000000002000042c      0x400 ./Source/ThirdParty/Middlewares/Third_Party/FreeRTOS/Source/CMSIS_RTOS_V2/cmsis_os2.o
 .bss.xQueueRegistry
                0x000000002000082c       0x40 ./Source/ThirdParty/Middlewares/Third_Party/FreeRTOS/Source/queue.o
                0x000000002000082c                xQueueRegistry
 .bss.pxCurrentTCB
                0x000000002000086c        0x4 ./Source/ThirdParty/Middlewares/Third_Party/FreeRTOS/Source/tasks.o
                0x000000002000086c                pxCurrentTCB
 .bss.pxReadyTasksLists
                0x0000000020000870      0x460 ./Source/ThirdParty/Middlewares/Third_Party/FreeRTOS/Source/tasks.o
 .bss.xDelayedTaskList1
                0x0000000020000cd0       0x14 ./Source/ThirdParty/Middlewares/Third_Party/FreeRTOS/Source/tasks.o
 .bss.xDelayedTaskList2
                0x0000000020000ce4       0x14 ./Source/ThirdParty/Middlewares/Third_Party/FreeRTOS/Source/tasks.o
 .bss.pxDelayedTaskList
                0x0000000020000cf8        0x4 ./Source/ThirdParty/Middlewares/Third_Party/FreeRTOS/Source/tasks.o
 .bss.pxOverflowDelayedTaskList
                0x0000000020000cfc        0x4 ./Source/ThirdParty/Middlewares/Third_Party/FreeRTOS/Source/tasks.o
 .bss.xPendingReadyList
                0x0000000020000d00       0x14 ./Source/ThirdParty/Middlewares/Third_Party/FreeRTOS/Source/tasks.o
 .bss.xTasksWaitingTermination
                0x0000000020000d14       0x14 ./Source/ThirdParty/Middlewares/Third_Party/FreeRTOS/Source/tasks.o
 .bss.uxDeletedTasksWaitingCleanUp
                0x0000000020000d28        0x4 ./Source/ThirdParty/Middlewares/Third_Party/FreeRTOS/Source/tasks.o
 .bss.xSuspendedTaskList
                0x0000000020000d2c       0x14 ./Source/ThirdParty/Middlewares/Third_Party/FreeRTOS/Source/tasks.o
 .bss.uxCurrentNumberOfTasks
                0x0000000020000d40        0x4 ./Source/ThirdParty/Middlewares/Third_Party/FreeRTOS/Source/tasks.o
 .bss.xTickCount
                0x0000000020000d44        0x4 ./Source/ThirdParty/Middlewares/Third_Party/FreeRTOS/Source/tasks.o
 .bss.uxTopReadyPriority
                0x0000000020000d48        0x4 ./Source/ThirdParty/Middlewares/Third_Party/FreeRTOS/Source/tasks.o
 .bss.xSchedulerRunning
                0x0000000020000d4c        0x4 ./Source/ThirdParty/Middlewares/Third_Party/FreeRTOS/Source/tasks.o
 .bss.xPendedTicks
                0x0000000020000d50        0x4 ./Source/ThirdParty/Middlewares/Third_Party/FreeRTOS/Source/tasks.o
 .bss.xYieldPending
                0x0000000020000d54        0x4 ./Source/ThirdParty/Middlewares/Third_Party/FreeRTOS/Source/tasks.o
 .bss.xNumOfOverflows
                0x0000000020000d58        0x4 ./Source/ThirdParty/Middlewares/Third_Party/FreeRTOS/Source/tasks.o
 .bss.uxTaskNumber
                0x0000000020000d5c        0x4 ./Source/ThirdParty/Middlewares/Third_Party/FreeRTOS/Source/tasks.o
 .bss.xNextTaskUnblockTime
                0x0000000020000d60        0x4 ./Source/ThirdParty/Middlewares/Third_Party/FreeRTOS/Source/tasks.o
 .bss.xIdleTaskHandle
                0x0000000020000d64        0x4 ./Source/ThirdParty/Middlewares/Third_Party/FreeRTOS/Source/tasks.o
 .bss.uxSchedulerSuspended
                0x0000000020000d68        0x4 ./Source/ThirdParty/Middlewares/Third_Party/FreeRTOS/Source/tasks.o
 .bss.ulTaskSwitchedInTime
                0x0000000020000d6c        0x4 ./Source/ThirdParty/Middlewares/Third_Party/FreeRTOS/Source/tasks.o
 .bss.ulTotalRunTime
                0x0000000020000d70        0x4 ./Source/ThirdParty/Middlewares/Third_Party/FreeRTOS/Source/tasks.o
 .bss.xActiveTimerList1
                0x0000000020000d74       0x14 ./Source/ThirdParty/Middlewares/Third_Party/FreeRTOS/Source/timers.o
 .bss.xActiveTimerList2
                0x0000000020000d88       0x14 ./Source/ThirdParty/Middlewares/Third_Party/FreeRTOS/Source/timers.o
 .bss.pxCurrentTimerList
                0x0000000020000d9c        0x4 ./Source/ThirdParty/Middlewares/Third_Party/FreeRTOS/Source/timers.o
 .bss.pxOverflowTimerList
                0x0000000020000da0        0x4 ./Source/ThirdParty/Middlewares/Third_Party/FreeRTOS/Source/timers.o
 .bss.xTimerQueue
                0x0000000020000da4        0x4 ./Source/ThirdParty/Middlewares/Third_Party/FreeRTOS/Source/timers.o
 .bss.xTimerTaskHandle
                0x0000000020000da8        0x4 ./Source/ThirdParty/Middlewares/Third_Party/FreeRTOS/Source/timers.o
 .bss.xLastTime.2
                0x0000000020000dac        0x4 ./Source/ThirdParty/Middlewares/Third_Party/FreeRTOS/Source/timers.o
 .bss.ucStaticTimerQueueStorage.1
                0x0000000020000db0       0xa0 ./Source/ThirdParty/Middlewares/Third_Party/FreeRTOS/Source/timers.o
 .bss.xStaticTimerQueue.0
                0x0000000020000e50       0x50 ./Source/ThirdParty/Middlewares/Third_Party/FreeRTOS/Source/timers.o
 .bss.ucMaxSysCallPriority
                0x0000000020000ea0        0x1 ./Source/ThirdParty/Middlewares/Third_Party/FreeRTOS/Source/portable/GCC/ARM_CM4F/port.o
 *fill*         0x0000000020000ea1        0x3 
 .bss.ulMaxPRIGROUPValue
                0x0000000020000ea4        0x4 ./Source/ThirdParty/Middlewares/Third_Party/FreeRTOS/Source/portable/GCC/ARM_CM4F/port.o
 .bss.xStart    0x0000000020000ea8        0x8 ./Source/ThirdParty/Middlewares/Third_Party/FreeRTOS/Source/portable/MemMang/heap_4.o
 .bss.pxEnd     0x0000000020000eb0        0x4 ./Source/ThirdParty/Middlewares/Third_Party/FreeRTOS/Source/portable/MemMang/heap_4.o
 .bss.xFreeBytesRemaining
                0x0000000020000eb4        0x4 ./Source/ThirdParty/Middlewares/Third_Party/FreeRTOS/Source/portable/MemMang/heap_4.o
 .bss.xNumberOfSuccessfulFrees
                0x0000000020000eb8        0x4 ./Source/ThirdParty/Middlewares/Third_Party/FreeRTOS/Source/portable/MemMang/heap_4.o
 .bss.xBlockAllocatedBit
                0x0000000020000ebc        0x4 ./Source/ThirdParty/Middlewares/Third_Party/FreeRTOS/Source/portable/MemMang/heap_4.o
 .bss.__sf      0x0000000020000ec0      0x138 C:/ST/STM32CubeIDE_1.13.0/STM32CubeIDE/plugins/com.st.stm32cube.ide.mcu.externaltools.gnu-tools-for-stm32.11.3.rel1.win32_1.1.0.202305231506/tools/bin/../lib/gcc/arm-none-eabi/11.3.1/../../../../arm-none-eabi/lib/thumb/v7e-m+fp/hard\libc_nano.a(libc_a-findfp.o)
                0x0000000020000ec0                __sf
 .bss.__lock___malloc_recursive_mutex
                0x0000000020000ff8        0x1 C:/ST/STM32CubeIDE_1.13.0/STM32CubeIDE/plugins/com.st.stm32cube.ide.mcu.externaltools.gnu-tools-for-stm32.11.3.rel1.win32_1.1.0.202305231506/tools/bin/../lib/gcc/arm-none-eabi/11.3.1/../../../../arm-none-eabi/lib/thumb/v7e-m+fp/hard\libc_nano.a(libc_a-lock.o)
                0x0000000020000ff8                __lock___malloc_recursive_mutex
 *fill*         0x0000000020000ff9        0x3 
 .bss.__malloc_free_list
                0x0000000020000ffc        0x4 C:/ST/STM32CubeIDE_1.13.0/STM32CubeIDE/plugins/com.st.stm32cube.ide.mcu.externaltools.gnu-tools-for-stm32.11.3.rel1.win32_1.1.0.202305231506/tools/bin/../lib/gcc/arm-none-eabi/11.3.1/../../../../arm-none-eabi/lib/thumb/v7e-m+fp/hard\libc_nano.a(libc_a-mallocr.o)
                0x0000000020000ffc                __malloc_free_list
 *(COMMON)
                0x0000000020001000                . = ALIGN (0x4)
                0x0000000020001000                _ebss = .
                0x0000000020001000                __bss_end__ = _ebss

._user_heap_stack
                0x0000000020001000      0x600 load address 0x0000000008003d50
                0x0000000020001000                . = ALIGN (0x8)
                [!provide]                        PROVIDE (end = .)
                0x0000000020001000                PROVIDE (_end = .)
                0x0000000020001200                . = (. + _Min_Heap_Size)
 *fill*         0x0000000020001000      0x200 
                0x0000000020001600                . = (. + _Min_Stack_Size)
 *fill*         0x0000000020001200      0x400 
                0x0000000020001600                . = ALIGN (0x8)

/DISCARD/
 libc.a(*)
 libm.a(*)
 libgcc.a(*)

.ARM.attributes
                0x0000000000000000       0x30
 *(.ARM.attributes)
 .ARM.attributes
                0x0000000000000000       0x1e C:/ST/STM32CubeIDE_1.13.0/STM32CubeIDE/plugins/com.st.stm32cube.ide.mcu.externaltools.gnu-tools-for-stm32.11.3.rel1.win32_1.1.0.202305231506/tools/bin/../lib/gcc/arm-none-eabi/11.3.1/thumb/v7e-m+fp/hard/crti.o
 .ARM.attributes
                0x000000000000001e       0x34 C:/ST/STM32CubeIDE_1.13.0/STM32CubeIDE/plugins/com.st.stm32cube.ide.mcu.externaltools.gnu-tools-for-stm32.11.3.rel1.win32_1.1.0.202305231506/tools/bin/../lib/gcc/arm-none-eabi/11.3.1/thumb/v7e-m+fp/hard/crtbegin.o
 .ARM.attributes
                0x0000000000000052       0x34 ./Source/APP/main.o
 .ARM.attributes
                0x0000000000000086       0x34 ./Source/ThirdParty/Core/Src/stm32f4xx_hal_msp.o
 .ARM.attributes
                0x00000000000000ba       0x34 ./Source/ThirdParty/Core/Src/stm32f4xx_hal_timebase_tim.o
 .ARM.attributes
                0x00000000000000ee       0x34 ./Source/ThirdParty/Core/Src/stm32f4xx_it.o
 .ARM.attributes
                0x0000000000000122       0x34 ./Source/ThirdParty/Core/Src/system_stm32f4xx.o
 .ARM.attributes
                0x0000000000000156       0x21 ./Source/ThirdParty/Core/Startup/startup_stm32f413zgjx.o
 .ARM.attributes
                0x0000000000000177       0x34 ./Source/ThirdParty/Drivers/STM32F4xx_HAL_Driver/Src/stm32f4xx_hal.o
 .ARM.attributes
                0x00000000000001ab       0x34 ./Source/ThirdParty/Drivers/STM32F4xx_HAL_Driver/Src/stm32f4xx_hal_cortex.o
 .ARM.attributes
                0x00000000000001df       0x34 ./Source/ThirdParty/Drivers/STM32F4xx_HAL_Driver/Src/stm32f4xx_hal_rcc.o
 .ARM.attributes
                0x0000000000000213       0x34 ./Source/ThirdParty/Drivers/STM32F4xx_HAL_Driver/Src/stm32f4xx_hal_tim.o
 .ARM.attributes
                0x0000000000000247       0x34 ./Source/ThirdParty/Drivers/STM32F4xx_HAL_Driver/Src/stm32f4xx_hal_tim_ex.o
 .ARM.attributes
                0x000000000000027b       0x34 ./Source/ThirdParty/Drivers/STM32F4xx_HAL_Driver/Src/stm32f4xx_ll_tim.o
 .ARM.attributes
                0x00000000000002af       0x34 ./Source/ThirdParty/Drivers/STM32F4xx_HAL_Driver/Src/stm32f4xx_ll_utils.o
 .ARM.attributes
                0x00000000000002e3       0x34 ./Source/ThirdParty/Middlewares/Third_Party/FreeRTOS/Source/CMSIS_RTOS_V2/cmsis_os2.o
 .ARM.attributes
                0x0000000000000317       0x34 ./Source/ThirdParty/Middlewares/Third_Party/FreeRTOS/Source/list.o
 .ARM.attributes
                0x000000000000034b       0x34 ./Source/ThirdParty/Middlewares/Third_Party/FreeRTOS/Source/queue.o
 .ARM.attributes
                0x000000000000037f       0x34 ./Source/ThirdParty/Middlewares/Third_Party/FreeRTOS/Source/tasks.o
 .ARM.attributes
                0x00000000000003b3       0x34 ./Source/ThirdParty/Middlewares/Third_Party/FreeRTOS/Source/timers.o
 .ARM.attributes
                0x00000000000003e7       0x34 ./Source/ThirdParty/Middlewares/Third_Party/FreeRTOS/Source/portable/GCC/ARM_CM4F/port.o
 .ARM.attributes
                0x000000000000041b       0x34 ./Source/ThirdParty/Middlewares/Third_Party/FreeRTOS/Source/portable/MemMang/heap_4.o
 .ARM.attributes
                0x000000000000044f       0x34 C:/ST/STM32CubeIDE_1.13.0/STM32CubeIDE/plugins/com.st.stm32cube.ide.mcu.externaltools.gnu-tools-for-stm32.11.3.rel1.win32_1.1.0.202305231506/tools/bin/../lib/gcc/arm-none-eabi/11.3.1/../../../../arm-none-eabi/lib/thumb/v7e-m+fp/hard\libc_nano.a(libc_a-findfp.o)
 .ARM.attributes
                0x0000000000000483       0x34 C:/ST/STM32CubeIDE_1.13.0/STM32CubeIDE/plugins/com.st.stm32cube.ide.mcu.externaltools.gnu-tools-for-stm32.11.3.rel1.win32_1.1.0.202305231506/tools/bin/../lib/gcc/arm-none-eabi/11.3.1/../../../../arm-none-eabi/lib/thumb/v7e-m+fp/hard\libc_nano.a(libc_a-memset.o)
 .ARM.attributes
                0x00000000000004b7       0x34 C:/ST/STM32CubeIDE_1.13.0/STM32CubeIDE/plugins/com.st.stm32cube.ide.mcu.externaltools.gnu-tools-for-stm32.11.3.rel1.win32_1.1.0.202305231506/tools/bin/../lib/gcc/arm-none-eabi/11.3.1/../../../../arm-none-eabi/lib/thumb/v7e-m+fp/hard\libc_nano.a(libc_a-reent.o)
 .ARM.attributes
                0x00000000000004eb       0x34 C:/ST/STM32CubeIDE_1.13.0/STM32CubeIDE/plugins/com.st.stm32cube.ide.mcu.externaltools.gnu-tools-for-stm32.11.3.rel1.win32_1.1.0.202305231506/tools/bin/../lib/gcc/arm-none-eabi/11.3.1/../../../../arm-none-eabi/lib/thumb/v7e-m+fp/hard\libc_nano.a(libc_a-impure.o)
 .ARM.attributes
                0x000000000000051f       0x34 C:/ST/STM32CubeIDE_1.13.0/STM32CubeIDE/plugins/com.st.stm32cube.ide.mcu.externaltools.gnu-tools-for-stm32.11.3.rel1.win32_1.1.0.202305231506/tools/bin/../lib/gcc/arm-none-eabi/11.3.1/../../../../arm-none-eabi/lib/thumb/v7e-m+fp/hard\libc_nano.a(libc_a-init.o)
 .ARM.attributes
                0x0000000000000553       0x34 C:/ST/STM32CubeIDE_1.13.0/STM32CubeIDE/plugins/com.st.stm32cube.ide.mcu.externaltools.gnu-tools-for-stm32.11.3.rel1.win32_1.1.0.202305231506/tools/bin/../lib/gcc/arm-none-eabi/11.3.1/../../../../arm-none-eabi/lib/thumb/v7e-m+fp/hard\libc_nano.a(libc_a-lock.o)
 .ARM.attributes
                0x0000000000000587       0x34 C:/ST/STM32CubeIDE_1.13.0/STM32CubeIDE/plugins/com.st.stm32cube.ide.mcu.externaltools.gnu-tools-for-stm32.11.3.rel1.win32_1.1.0.202305231506/tools/bin/../lib/gcc/arm-none-eabi/11.3.1/../../../../arm-none-eabi/lib/thumb/v7e-m+fp/hard\libc_nano.a(libc_a-memcpy-stub.o)
 .ARM.attributes
                0x00000000000005bb       0x34 C:/ST/STM32CubeIDE_1.13.0/STM32CubeIDE/plugins/com.st.stm32cube.ide.mcu.externaltools.gnu-tools-for-stm32.11.3.rel1.win32_1.1.0.202305231506/tools/bin/../lib/gcc/arm-none-eabi/11.3.1/../../../../arm-none-eabi/lib/thumb/v7e-m+fp/hard\libc_nano.a(libc_a-freer.o)
 .ARM.attributes
                0x00000000000005ef       0x34 C:/ST/STM32CubeIDE_1.13.0/STM32CubeIDE/plugins/com.st.stm32cube.ide.mcu.externaltools.gnu-tools-for-stm32.11.3.rel1.win32_1.1.0.202305231506/tools/bin/../lib/gcc/arm-none-eabi/11.3.1/../../../../arm-none-eabi/lib/thumb/v7e-m+fp/hard\libc_nano.a(libc_a-mallocr.o)
 .ARM.attributes
                0x0000000000000623       0x34 C:/ST/STM32CubeIDE_1.13.0/STM32CubeIDE/plugins/com.st.stm32cube.ide.mcu.externaltools.gnu-tools-for-stm32.11.3.rel1.win32_1.1.0.202305231506/tools/bin/../lib/gcc/arm-none-eabi/11.3.1/../../../../arm-none-eabi/lib/thumb/v7e-m+fp/hard\libc_nano.a(libc_a-mlock.o)
 .ARM.attributes
                0x0000000000000657       0x1e C:/ST/STM32CubeIDE_1.13.0/STM32CubeIDE/plugins/com.st.stm32cube.ide.mcu.externaltools.gnu-tools-for-stm32.11.3.rel1.win32_1.1.0.202305231506/tools/bin/../lib/gcc/arm-none-eabi/11.3.1/thumb/v7e-m+fp/hard/crtn.o
OUTPUT(STM32CubeIDE_Project.elf elf32-littlearm)
LOAD linker stubs
LOAD C:/ST/STM32CubeIDE_1.13.0/STM32CubeIDE/plugins/com.st.stm32cube.ide.mcu.externaltools.gnu-tools-for-stm32.11.3.rel1.win32_1.1.0.202305231506/tools/bin/../lib/gcc/arm-none-eabi/11.3.1/../../../../arm-none-eabi/lib/thumb/v7e-m+fp/hard\libc.a
LOAD C:/ST/STM32CubeIDE_1.13.0/STM32CubeIDE/plugins/com.st.stm32cube.ide.mcu.externaltools.gnu-tools-for-stm32.11.3.rel1.win32_1.1.0.202305231506/tools/bin/../lib/gcc/arm-none-eabi/11.3.1/../../../../arm-none-eabi/lib/thumb/v7e-m+fp/hard\libm.a
LOAD C:/ST/STM32CubeIDE_1.13.0/STM32CubeIDE/plugins/com.st.stm32cube.ide.mcu.externaltools.gnu-tools-for-stm32.11.3.rel1.win32_1.1.0.202305231506/tools/bin/../lib/gcc/arm-none-eabi/11.3.1/thumb/v7e-m+fp/hard\libgcc.a

.comment        0x0000000000000000       0x43
 .comment       0x0000000000000000       0x43 C:/ST/STM32CubeIDE_1.13.0/STM32CubeIDE/plugins/com.st.stm32cube.ide.mcu.externaltools.gnu-tools-for-stm32.11.3.rel1.win32_1.1.0.202305231506/tools/bin/../lib/gcc/arm-none-eabi/11.3.1/thumb/v7e-m+fp/hard/crtbegin.o
                                         0x44 (size before relaxing)
 .comment       0x0000000000000043       0x44 ./Source/APP/main.o
 .comment       0x0000000000000043       0x44 ./Source/ThirdParty/Core/Src/stm32f4xx_hal_msp.o
 .comment       0x0000000000000043       0x44 ./Source/ThirdParty/Core/Src/stm32f4xx_hal_timebase_tim.o
 .comment       0x0000000000000043       0x44 ./Source/ThirdParty/Core/Src/stm32f4xx_it.o
 .comment       0x0000000000000043       0x44 ./Source/ThirdParty/Core/Src/system_stm32f4xx.o
 .comment       0x0000000000000043       0x44 ./Source/ThirdParty/Drivers/STM32F4xx_HAL_Driver/Src/stm32f4xx_hal.o
 .comment       0x0000000000000043       0x44 ./Source/ThirdParty/Drivers/STM32F4xx_HAL_Driver/Src/stm32f4xx_hal_cortex.o
 .comment       0x0000000000000043       0x44 ./Source/ThirdParty/Drivers/STM32F4xx_HAL_Driver/Src/stm32f4xx_hal_rcc.o
 .comment       0x0000000000000043       0x44 ./Source/ThirdParty/Drivers/STM32F4xx_HAL_Driver/Src/stm32f4xx_hal_tim.o
 .comment       0x0000000000000043       0x44 ./Source/ThirdParty/Drivers/STM32F4xx_HAL_Driver/Src/stm32f4xx_hal_tim_ex.o
 .comment       0x0000000000000043       0x44 ./Source/ThirdParty/Drivers/STM32F4xx_HAL_Driver/Src/stm32f4xx_ll_tim.o
 .comment       0x0000000000000043       0x44 ./Source/ThirdParty/Drivers/STM32F4xx_HAL_Driver/Src/stm32f4xx_ll_utils.o
 .comment       0x0000000000000043       0x44 ./Source/ThirdParty/Middlewares/Third_Party/FreeRTOS/Source/CMSIS_RTOS_V2/cmsis_os2.o
 .comment       0x0000000000000043       0x44 ./Source/ThirdParty/Middlewares/Third_Party/FreeRTOS/Source/list.o
 .comment       0x0000000000000043       0x44 ./Source/ThirdParty/Middlewares/Third_Party/FreeRTOS/Source/queue.o
 .comment       0x0000000000000043       0x44 ./Source/ThirdParty/Middlewares/Third_Party/FreeRTOS/Source/tasks.o
 .comment       0x0000000000000043       0x44 ./Source/ThirdParty/Middlewares/Third_Party/FreeRTOS/Source/timers.o
 .comment       0x0000000000000043       0x44 ./Source/ThirdParty/Middlewares/Third_Party/FreeRTOS/Source/portable/GCC/ARM_CM4F/port.o
 .comment       0x0000000000000043       0x44 ./Source/ThirdParty/Middlewares/Third_Party/FreeRTOS/Source/portable/MemMang/heap_4.o

.debug_info     0x0000000000000000    0x15ba2
 .debug_info    0x0000000000000000     0x1574 ./Source/APP/main.o
 .debug_info    0x0000000000001574      0x5ec ./Source/ThirdParty/Core/Src/stm32f4xx_hal_msp.o
 .debug_info    0x0000000000001b60      0xc4c ./Source/ThirdParty/Core/Src/stm32f4xx_hal_timebase_tim.o
 .debug_info    0x00000000000027ac      0x758 ./Source/ThirdParty/Core/Src/stm32f4xx_it.o
 .debug_info    0x0000000000002f04      0x54a ./Source/ThirdParty/Core/Src/system_stm32f4xx.o
 .debug_info    0x000000000000344e       0x23 ./Source/ThirdParty/Core/Startup/startup_stm32f413zgjx.o
 .debug_info    0x0000000000003471      0x9ce ./Source/ThirdParty/Drivers/STM32F4xx_HAL_Driver/Src/stm32f4xx_hal.o
 .debug_info    0x0000000000003e3f      0xd94 ./Source/ThirdParty/Drivers/STM32F4xx_HAL_Driver/Src/stm32f4xx_hal_cortex.o
 .debug_info    0x0000000000004bd3      0x8ed ./Source/ThirdParty/Drivers/STM32F4xx_HAL_Driver/Src/stm32f4xx_hal_rcc.o
 .debug_info    0x00000000000054c0     0x2948 ./Source/ThirdParty/Drivers/STM32F4xx_HAL_Driver/Src/stm32f4xx_hal_tim.o
 .debug_info    0x0000000000007e08     0x1744 ./Source/ThirdParty/Drivers/STM32F4xx_HAL_Driver/Src/stm32f4xx_hal_tim_ex.o
 .debug_info    0x000000000000954c      0xf39 ./Source/ThirdParty/Drivers/STM32F4xx_HAL_Driver/Src/stm32f4xx_ll_tim.o
 .debug_info    0x000000000000a485      0x934 ./Source/ThirdParty/Drivers/STM32F4xx_HAL_Driver/Src/stm32f4xx_ll_utils.o
 .debug_info    0x000000000000adb9     0x4173 ./Source/ThirdParty/Middlewares/Third_Party/FreeRTOS/Source/CMSIS_RTOS_V2/cmsis_os2.o
 .debug_info    0x000000000000ef2c      0x2af ./Source/ThirdParty/Middlewares/Third_Party/FreeRTOS/Source/list.o
 .debug_info    0x000000000000f1db     0x1b79 ./Source/ThirdParty/Middlewares/Third_Party/FreeRTOS/Source/queue.o
 .debug_info    0x0000000000010d54     0x2930 ./Source/ThirdParty/Middlewares/Third_Party/FreeRTOS/Source/tasks.o
 .debug_info    0x0000000000013684     0x1b6b ./Source/ThirdParty/Middlewares/Third_Party/FreeRTOS/Source/timers.o
 .debug_info    0x00000000000151ef      0x4de ./Source/ThirdParty/Middlewares/Third_Party/FreeRTOS/Source/portable/GCC/ARM_CM4F/port.o
 .debug_info    0x00000000000156cd      0x4d5 ./Source/ThirdParty/Middlewares/Third_Party/FreeRTOS/Source/portable/MemMang/heap_4.o

.debug_abbrev   0x0000000000000000     0x3006
 .debug_abbrev  0x0000000000000000      0x35b ./Source/APP/main.o
 .debug_abbrev  0x000000000000035b      0x11e ./Source/ThirdParty/Core/Src/stm32f4xx_hal_msp.o
 .debug_abbrev  0x0000000000000479      0x1e1 ./Source/ThirdParty/Core/Src/stm32f4xx_hal_timebase_tim.o
 .debug_abbrev  0x000000000000065a      0x196 ./Source/ThirdParty/Core/Src/stm32f4xx_it.o
 .debug_abbrev  0x00000000000007f0      0x11a ./Source/ThirdParty/Core/Src/system_stm32f4xx.o
 .debug_abbrev  0x000000000000090a       0x12 ./Source/ThirdParty/Core/Startup/startup_stm32f413zgjx.o
 .debug_abbrev  0x000000000000091c      0x213 ./Source/ThirdParty/Drivers/STM32F4xx_HAL_Driver/Src/stm32f4xx_hal.o
 .debug_abbrev  0x0000000000000b2f      0x327 ./Source/ThirdParty/Drivers/STM32F4xx_HAL_Driver/Src/stm32f4xx_hal_cortex.o
 .debug_abbrev  0x0000000000000e56      0x2b6 ./Source/ThirdParty/Drivers/STM32F4xx_HAL_Driver/Src/stm32f4xx_hal_rcc.o
 .debug_abbrev  0x000000000000110c      0x271 ./Source/ThirdParty/Drivers/STM32F4xx_HAL_Driver/Src/stm32f4xx_hal_tim.o
 .debug_abbrev  0x000000000000137d      0x285 ./Source/ThirdParty/Drivers/STM32F4xx_HAL_Driver/Src/stm32f4xx_hal_tim_ex.o
 .debug_abbrev  0x0000000000001602      0x20f ./Source/ThirdParty/Drivers/STM32F4xx_HAL_Driver/Src/stm32f4xx_ll_tim.o
 .debug_abbrev  0x0000000000001811      0x223 ./Source/ThirdParty/Drivers/STM32F4xx_HAL_Driver/Src/stm32f4xx_ll_utils.o
 .debug_abbrev  0x0000000000001a34      0x548 ./Source/ThirdParty/Middlewares/Third_Party/FreeRTOS/Source/CMSIS_RTOS_V2/cmsis_os2.o
 .debug_abbrev  0x0000000000001f7c       0xf5 ./Source/ThirdParty/Middlewares/Third_Party/FreeRTOS/Source/list.o
 .debug_abbrev  0x0000000000002071      0x3b6 ./Source/ThirdParty/Middlewares/Third_Party/FreeRTOS/Source/queue.o
 .debug_abbrev  0x0000000000002427      0x3fe ./Source/ThirdParty/Middlewares/Third_Party/FreeRTOS/Source/tasks.o
 .debug_abbrev  0x0000000000002825      0x368 ./Source/ThirdParty/Middlewares/Third_Party/FreeRTOS/Source/timers.o
 .debug_abbrev  0x0000000000002b8d      0x25c ./Source/ThirdParty/Middlewares/Third_Party/FreeRTOS/Source/portable/GCC/ARM_CM4F/port.o
 .debug_abbrev  0x0000000000002de9      0x21d ./Source/ThirdParty/Middlewares/Third_Party/FreeRTOS/Source/portable/MemMang/heap_4.o

.debug_aranges  0x0000000000000000     0x1408
 .debug_aranges
                0x0000000000000000      0x118 ./Source/APP/main.o
 .debug_aranges
                0x0000000000000118       0x20 ./Source/ThirdParty/Core/Src/stm32f4xx_hal_msp.o
 .debug_aranges
                0x0000000000000138       0x30 ./Source/ThirdParty/Core/Src/stm32f4xx_hal_timebase_tim.o
 .debug_aranges
                0x0000000000000168       0x50 ./Source/ThirdParty/Core/Src/stm32f4xx_it.o
 .debug_aranges
                0x00000000000001b8       0x28 ./Source/ThirdParty/Core/Src/system_stm32f4xx.o
 .debug_aranges
                0x00000000000001e0       0x28 ./Source/ThirdParty/Core/Startup/startup_stm32f413zgjx.o
 .debug_aranges
                0x0000000000000208       0xf0 ./Source/ThirdParty/Drivers/STM32F4xx_HAL_Driver/Src/stm32f4xx_hal.o
 .debug_aranges
                0x00000000000002f8      0x118 ./Source/ThirdParty/Drivers/STM32F4xx_HAL_Driver/Src/stm32f4xx_hal_cortex.o
 .debug_aranges
                0x0000000000000410       0x88 ./Source/ThirdParty/Drivers/STM32F4xx_HAL_Driver/Src/stm32f4xx_hal_rcc.o
 .debug_aranges
                0x0000000000000498      0x3d0 ./Source/ThirdParty/Drivers/STM32F4xx_HAL_Driver/Src/stm32f4xx_hal_tim.o
 .debug_aranges
                0x0000000000000868      0x168 ./Source/ThirdParty/Drivers/STM32F4xx_HAL_Driver/Src/stm32f4xx_hal_tim_ex.o
 .debug_aranges
                0x00000000000009d0      0x128 ./Source/ThirdParty/Drivers/STM32F4xx_HAL_Driver/Src/stm32f4xx_ll_tim.o
 .debug_aranges
                0x0000000000000af8       0xf8 ./Source/ThirdParty/Drivers/STM32F4xx_HAL_Driver/Src/stm32f4xx_ll_utils.o
 .debug_aranges
                0x0000000000000bf0      0x2b0 ./Source/ThirdParty/Middlewares/Third_Party/FreeRTOS/Source/CMSIS_RTOS_V2/cmsis_os2.o
 .debug_aranges
                0x0000000000000ea0       0x40 ./Source/ThirdParty/Middlewares/Third_Party/FreeRTOS/Source/list.o
 .debug_aranges
                0x0000000000000ee0      0x158 ./Source/ThirdParty/Middlewares/Third_Party/FreeRTOS/Source/queue.o
 .debug_aranges
                0x0000000000001038      0x208 ./Source/ThirdParty/Middlewares/Third_Party/FreeRTOS/Source/tasks.o
 .debug_aranges
                0x0000000000001240       0xf0 ./Source/ThirdParty/Middlewares/Third_Party/FreeRTOS/Source/timers.o
 .debug_aranges
                0x0000000000001330       0x80 ./Source/ThirdParty/Middlewares/Third_Party/FreeRTOS/Source/portable/GCC/ARM_CM4F/port.o
 .debug_aranges
                0x00000000000013b0       0x58 ./Source/ThirdParty/Middlewares/Third_Party/FreeRTOS/Source/portable/MemMang/heap_4.o

.debug_rnglists
                0x0000000000000000      0xf66
 .debug_rnglists
                0x0000000000000000       0xce ./Source/APP/main.o
 .debug_rnglists
                0x00000000000000ce       0x13 ./Source/ThirdParty/Core/Src/stm32f4xx_hal_msp.o
 .debug_rnglists
                0x00000000000000e1       0x20 ./Source/ThirdParty/Core/Src/stm32f4xx_hal_timebase_tim.o
 .debug_rnglists
                0x0000000000000101       0x37 ./Source/ThirdParty/Core/Src/stm32f4xx_it.o
 .debug_rnglists
                0x0000000000000138       0x1a ./Source/ThirdParty/Core/Src/system_stm32f4xx.o
 .debug_rnglists
                0x0000000000000152       0x19 ./Source/ThirdParty/Core/Startup/startup_stm32f413zgjx.o
 .debug_rnglists
                0x000000000000016b       0xaf ./Source/ThirdParty/Drivers/STM32F4xx_HAL_Driver/Src/stm32f4xx_hal.o
 .debug_rnglists
                0x000000000000021a       0xce ./Source/ThirdParty/Drivers/STM32F4xx_HAL_Driver/Src/stm32f4xx_hal_cortex.o
 .debug_rnglists
                0x00000000000002e8       0x66 ./Source/ThirdParty/Drivers/STM32F4xx_HAL_Driver/Src/stm32f4xx_hal_rcc.o
 .debug_rnglists
                0x000000000000034e      0x31a ./Source/ThirdParty/Drivers/STM32F4xx_HAL_Driver/Src/stm32f4xx_hal_tim.o
 .debug_rnglists
                0x0000000000000668      0x126 ./Source/ThirdParty/Drivers/STM32F4xx_HAL_Driver/Src/stm32f4xx_hal_tim_ex.o
 .debug_rnglists
                0x000000000000078e       0xe4 ./Source/ThirdParty/Drivers/STM32F4xx_HAL_Driver/Src/stm32f4xx_ll_tim.o
 .debug_rnglists
                0x0000000000000872       0xb8 ./Source/ThirdParty/Drivers/STM32F4xx_HAL_Driver/Src/stm32f4xx_ll_utils.o
 .debug_rnglists
                0x000000000000092a      0x212 ./Source/ThirdParty/Middlewares/Third_Party/FreeRTOS/Source/CMSIS_RTOS_V2/cmsis_os2.o
 .debug_rnglists
                0x0000000000000b3c       0x2b ./Source/ThirdParty/Middlewares/Third_Party/FreeRTOS/Source/list.o
 .debug_rnglists
                0x0000000000000b67      0x109 ./Source/ThirdParty/Middlewares/Third_Party/FreeRTOS/Source/queue.o
 .debug_rnglists
                0x0000000000000c70      0x1a0 ./Source/ThirdParty/Middlewares/Third_Party/FreeRTOS/Source/tasks.o
 .debug_rnglists
                0x0000000000000e10       0xb7 ./Source/ThirdParty/Middlewares/Third_Party/FreeRTOS/Source/timers.o
 .debug_rnglists
                0x0000000000000ec7       0x5d ./Source/ThirdParty/Middlewares/Third_Party/FreeRTOS/Source/portable/GCC/ARM_CM4F/port.o
 .debug_rnglists
                0x0000000000000f24       0x42 ./Source/ThirdParty/Middlewares/Third_Party/FreeRTOS/Source/portable/MemMang/heap_4.o

.debug_macro    0x0000000000000000    0x24373
 .debug_macro   0x0000000000000000      0x372 ./Source/APP/main.o
 .debug_macro   0x0000000000000372      0x174 ./Source/APP/main.o
 .debug_macro   0x00000000000004e6       0x22 ./Source/APP/main.o
 .debug_macro   0x0000000000000508       0x8e ./Source/APP/main.o
 .debug_macro   0x0000000000000596       0x51 ./Source/APP/main.o
 .debug_macro   0x00000000000005e7      0x103 ./Source/APP/main.o
 .debug_macro   0x00000000000006ea       0x6a ./Source/APP/main.o
 .debug_macro   0x0000000000000754      0x1df ./Source/APP/main.o
 .debug_macro   0x0000000000000933      0x17d ./Source/APP/main.o
 .debug_macro   0x0000000000000ab0      0x15a ./Source/APP/main.o
 .debug_macro   0x0000000000000c0a       0xc9 ./Source/APP/main.o
 .debug_macro   0x0000000000000cd3       0x1c ./Source/APP/main.o
 .debug_macro   0x0000000000000cef       0x26 ./Source/APP/main.o
 .debug_macro   0x0000000000000d15       0x61 ./Source/APP/main.o
 .debug_macro   0x0000000000000d76       0x2a ./Source/APP/main.o
 .debug_macro   0x0000000000000da0       0x43 ./Source/APP/main.o
 .debug_macro   0x0000000000000de3       0x34 ./Source/APP/main.o
 .debug_macro   0x0000000000000e17       0x16 ./Source/APP/main.o
 .debug_macro   0x0000000000000e2d       0x43 ./Source/APP/main.o
 .debug_macro   0x0000000000000e70       0x34 ./Source/APP/main.o
 .debug_macro   0x0000000000000ea4       0x10 ./Source/APP/main.o
 .debug_macro   0x0000000000000eb4       0x58 ./Source/APP/main.o
 .debug_macro   0x0000000000000f0c       0x8e ./Source/APP/main.o
 .debug_macro   0x0000000000000f9a       0x1c ./Source/APP/main.o
 .debug_macro   0x0000000000000fb6      0x177 ./Source/APP/main.o
 .debug_macro   0x000000000000112d       0x10 ./Source/APP/main.o
 .debug_macro   0x000000000000113d       0x35 ./Source/APP/main.o
 .debug_macro   0x0000000000001172      0x4b8 ./Source/APP/main.o
 .debug_macro   0x000000000000162a       0xb5 ./Source/APP/main.o
 .debug_macro   0x00000000000016df       0xaa ./Source/APP/main.o
 .debug_macro   0x0000000000001789       0x66 ./Source/APP/main.o
 .debug_macro   0x00000000000017ef       0x10 ./Source/APP/main.o
 .debug_macro   0x00000000000017ff       0x74 ./Source/APP/main.o
 .debug_macro   0x0000000000001873       0xdd ./Source/APP/main.o
 .debug_macro   0x0000000000001950       0x2e ./Source/APP/main.o
 .debug_macro   0x000000000000197e       0x28 ./Source/APP/main.o
 .debug_macro   0x00000000000019a6       0x1c ./Source/APP/main.o
 .debug_macro   0x00000000000019c2       0x22 ./Source/APP/main.o
 .debug_macro   0x00000000000019e4       0xd3 ./Source/APP/main.o
 .debug_macro   0x0000000000001ab7     0x102d ./Source/APP/main.o
 .debug_macro   0x0000000000002ae4      0x11f ./Source/APP/main.o
 .debug_macro   0x0000000000002c03    0x15a8b ./Source/APP/main.o
 .debug_macro   0x000000000001868e       0x6d ./Source/APP/main.o
 .debug_macro   0x00000000000186fb      0x295 ./Source/APP/main.o
 .debug_macro   0x0000000000018990     0x367e ./Source/APP/main.o
 .debug_macro   0x000000000001c00e       0x5c ./Source/APP/main.o
 .debug_macro   0x000000000001c06a      0xcdd ./Source/APP/main.o
 .debug_macro   0x000000000001cd47      0x9fe ./Source/APP/main.o
 .debug_macro   0x000000000001d745      0x115 ./Source/APP/main.o
 .debug_macro   0x000000000001d85a      0x202 ./Source/APP/main.o
 .debug_macro   0x000000000001da5c       0xa5 ./Source/APP/main.o
 .debug_macro   0x000000000001db01      0x173 ./Source/APP/main.o
 .debug_macro   0x000000000001dc74      0x2bf ./Source/APP/main.o
 .debug_macro   0x000000000001df33       0x5f ./Source/APP/main.o
 .debug_macro   0x000000000001df92      0x236 ./Source/APP/main.o
 .debug_macro   0x000000000001e1c8      0x132 ./Source/APP/main.o
 .debug_macro   0x000000000001e2fa      0x30c ./Source/APP/main.o
 .debug_macro   0x000000000001e606       0x2e ./Source/APP/main.o
 .debug_macro   0x000000000001e634      0x11a ./Source/APP/main.o
 .debug_macro   0x000000000001e74e       0x91 ./Source/APP/main.o
 .debug_macro   0x000000000001e7df       0x89 ./Source/APP/main.o
 .debug_macro   0x000000000001e868      0x8e6 ./Source/APP/main.o
 .debug_macro   0x000000000001f14e       0x71 ./Source/APP/main.o
 .debug_macro   0x000000000001f1bf      0x134 ./Source/APP/main.o
 .debug_macro   0x000000000001f2f3      0xb33 ./Source/APP/main.o
 .debug_macro   0x000000000001fe26      0x33e ./Source/APP/main.o
 .debug_macro   0x0000000000020164       0x61 ./Source/APP/main.o
 .debug_macro   0x00000000000201c5       0xd6 ./Source/APP/main.o
 .debug_macro   0x000000000002029b      0x1bb ./Source/APP/main.o
 .debug_macro   0x0000000000020456      0x1f3 ./Source/APP/main.o
 .debug_macro   0x0000000000020649       0xee ./Source/APP/main.o
 .debug_macro   0x0000000000020737      0x1a6 ./Source/APP/main.o
 .debug_macro   0x00000000000208dd      0x21e ./Source/APP/main.o
 .debug_macro   0x0000000000020afb      0x624 ./Source/APP/main.o
 .debug_macro   0x000000000002111f      0x149 ./Source/APP/main.o
 .debug_macro   0x0000000000021268       0x94 ./Source/APP/main.o
 .debug_macro   0x00000000000212fc      0x236 ./Source/ThirdParty/Core/Src/stm32f4xx_hal_msp.o
 .debug_macro   0x0000000000021532      0x1c4 ./Source/ThirdParty/Core/Src/stm32f4xx_hal_timebase_tim.o
 .debug_macro   0x00000000000216f6      0x240 ./Source/ThirdParty/Core/Src/stm32f4xx_it.o
 .debug_macro   0x0000000000021936      0x1c4 ./Source/ThirdParty/Core/Src/system_stm32f4xx.o
 .debug_macro   0x0000000000021afa      0x224 ./Source/ThirdParty/Drivers/STM32F4xx_HAL_Driver/Src/stm32f4xx_hal.o
 .debug_macro   0x0000000000021d1e      0x1c4 ./Source/ThirdParty/Drivers/STM32F4xx_HAL_Driver/Src/stm32f4xx_hal_cortex.o
 .debug_macro   0x0000000000021ee2      0x1e8 ./Source/ThirdParty/Drivers/STM32F4xx_HAL_Driver/Src/stm32f4xx_hal_rcc.o
 .debug_macro   0x00000000000220ca      0x1c5 ./Source/ThirdParty/Drivers/STM32F4xx_HAL_Driver/Src/stm32f4xx_hal_tim.o
 .debug_macro   0x000000000002228f      0x1c4 ./Source/ThirdParty/Drivers/STM32F4xx_HAL_Driver/Src/stm32f4xx_hal_tim_ex.o
 .debug_macro   0x0000000000022453      0x24f ./Source/ThirdParty/Drivers/STM32F4xx_HAL_Driver/Src/stm32f4xx_ll_tim.o
 .debug_macro   0x00000000000226a2      0x61e ./Source/ThirdParty/Drivers/STM32F4xx_HAL_Driver/Src/stm32f4xx_ll_tim.o
 .debug_macro   0x0000000000022cc0      0x29e ./Source/ThirdParty/Drivers/STM32F4xx_HAL_Driver/Src/stm32f4xx_ll_utils.o
 .debug_macro   0x0000000000022f5e       0x5b ./Source/ThirdParty/Drivers/STM32F4xx_HAL_Driver/Src/stm32f4xx_ll_utils.o
 .debug_macro   0x0000000000022fb9      0x3cd ./Source/ThirdParty/Middlewares/Third_Party/FreeRTOS/Source/CMSIS_RTOS_V2/cmsis_os2.o
 .debug_macro   0x0000000000023386       0x10 ./Source/ThirdParty/Middlewares/Third_Party/FreeRTOS/Source/CMSIS_RTOS_V2/cmsis_os2.o
 .debug_macro   0x0000000000023396       0x20 ./Source/ThirdParty/Middlewares/Third_Party/FreeRTOS/Source/CMSIS_RTOS_V2/cmsis_os2.o
 .debug_macro   0x00000000000233b6       0x16 ./Source/ThirdParty/Middlewares/Third_Party/FreeRTOS/Source/CMSIS_RTOS_V2/cmsis_os2.o
 .debug_macro   0x00000000000233cc       0x91 ./Source/ThirdParty/Middlewares/Third_Party/FreeRTOS/Source/CMSIS_RTOS_V2/cmsis_os2.o
 .debug_macro   0x000000000002345d       0x8d ./Source/ThirdParty/Middlewares/Third_Party/FreeRTOS/Source/CMSIS_RTOS_V2/cmsis_os2.o
 .debug_macro   0x00000000000234ea       0x9a ./Source/ThirdParty/Middlewares/Third_Party/FreeRTOS/Source/CMSIS_RTOS_V2/cmsis_os2.o
 .debug_macro   0x0000000000023584       0x22 ./Source/ThirdParty/Middlewares/Third_Party/FreeRTOS/Source/CMSIS_RTOS_V2/cmsis_os2.o
 .debug_macro   0x00000000000235a6       0x56 ./Source/ThirdParty/Middlewares/Third_Party/FreeRTOS/Source/CMSIS_RTOS_V2/cmsis_os2.o
 .debug_macro   0x00000000000235fc      0x199 ./Source/ThirdParty/Middlewares/Third_Party/FreeRTOS/Source/list.o
 .debug_macro   0x0000000000023795      0x228 ./Source/ThirdParty/Middlewares/Third_Party/FreeRTOS/Source/queue.o
 .debug_macro   0x00000000000239bd       0x16 ./Source/ThirdParty/Middlewares/Third_Party/FreeRTOS/Source/queue.o
 .debug_macro   0x00000000000239d3       0x87 ./Source/ThirdParty/Middlewares/Third_Party/FreeRTOS/Source/queue.o
 .debug_macro   0x0000000000023a5a      0x291 ./Source/ThirdParty/Middlewares/Third_Party/FreeRTOS/Source/tasks.o
 .debug_macro   0x0000000000023ceb       0x10 ./Source/ThirdParty/Middlewares/Third_Party/FreeRTOS/Source/tasks.o
 .debug_macro   0x0000000000023cfb      0x1ee ./Source/ThirdParty/Middlewares/Third_Party/FreeRTOS/Source/timers.o
 .debug_macro   0x0000000000023ee9       0x97 ./Source/ThirdParty/Middlewares/Third_Party/FreeRTOS/Source/timers.o
 .debug_macro   0x0000000000023f80      0x233 ./Source/ThirdParty/Middlewares/Third_Party/FreeRTOS/Source/portable/GCC/ARM_CM4F/port.o
 .debug_macro   0x00000000000241b3      0x1c0 ./Source/ThirdParty/Middlewares/Third_Party/FreeRTOS/Source/portable/MemMang/heap_4.o

.debug_line     0x0000000000000000    0x1492c
 .debug_line    0x0000000000000000      0xfa6 ./Source/APP/main.o
 .debug_line    0x0000000000000fa6      0x899 ./Source/ThirdParty/Core/Src/stm32f4xx_hal_msp.o
 .debug_line    0x000000000000183f      0x7fa ./Source/ThirdParty/Core/Src/stm32f4xx_hal_timebase_tim.o
 .debug_line    0x0000000000002039      0x935 ./Source/ThirdParty/Core/Src/stm32f4xx_it.o
 .debug_line    0x000000000000296e      0x81c ./Source/ThirdParty/Core/Src/system_stm32f4xx.o
 .debug_line    0x000000000000318a       0x7a ./Source/ThirdParty/Core/Startup/startup_stm32f413zgjx.o
 .debug_line    0x0000000000003204      0xa82 ./Source/ThirdParty/Drivers/STM32F4xx_HAL_Driver/Src/stm32f4xx_hal.o
 .debug_line    0x0000000000003c86      0xd31 ./Source/ThirdParty/Drivers/STM32F4xx_HAL_Driver/Src/stm32f4xx_hal_cortex.o
 .debug_line    0x00000000000049b7      0xe07 ./Source/ThirdParty/Drivers/STM32F4xx_HAL_Driver/Src/stm32f4xx_hal_rcc.o
 .debug_line    0x00000000000057be     0x376e ./Source/ThirdParty/Drivers/STM32F4xx_HAL_Driver/Src/stm32f4xx_hal_tim.o
 .debug_line    0x0000000000008f2c     0x1a85 ./Source/ThirdParty/Drivers/STM32F4xx_HAL_Driver/Src/stm32f4xx_hal_tim_ex.o
 .debug_line    0x000000000000a9b1      0xdea ./Source/ThirdParty/Drivers/STM32F4xx_HAL_Driver/Src/stm32f4xx_ll_tim.o
 .debug_line    0x000000000000b79b      0xca9 ./Source/ThirdParty/Drivers/STM32F4xx_HAL_Driver/Src/stm32f4xx_ll_utils.o
 .debug_line    0x000000000000c444     0x24c7 ./Source/ThirdParty/Middlewares/Third_Party/FreeRTOS/Source/CMSIS_RTOS_V2/cmsis_os2.o
 .debug_line    0x000000000000e90b      0x7df ./Source/ThirdParty/Middlewares/Third_Party/FreeRTOS/Source/list.o
 .debug_line    0x000000000000f0ea     0x17a9 ./Source/ThirdParty/Middlewares/Third_Party/FreeRTOS/Source/queue.o
 .debug_line    0x0000000000010893     0x1ec3 ./Source/ThirdParty/Middlewares/Third_Party/FreeRTOS/Source/tasks.o
 .debug_line    0x0000000000012756      0xe43 ./Source/ThirdParty/Middlewares/Third_Party/FreeRTOS/Source/timers.o
 .debug_line    0x0000000000013599      0x98d ./Source/ThirdParty/Middlewares/Third_Party/FreeRTOS/Source/portable/GCC/ARM_CM4F/port.o
 .debug_line    0x0000000000013f26      0xa06 ./Source/ThirdParty/Middlewares/Third_Party/FreeRTOS/Source/portable/MemMang/heap_4.o

.debug_str      0x0000000000000000    0xe9347
 .debug_str     0x0000000000000000    0xdcec6 ./Source/APP/main.o
                                      0xddc92 (size before relaxing)
 .debug_str     0x00000000000dcec6       0x53 ./Source/ThirdParty/Core/Src/stm32f4xx_hal_msp.o
                                      0xd6cab (size before relaxing)
 .debug_str     0x00000000000dcf19      0x15a ./Source/ThirdParty/Core/Src/stm32f4xx_hal_timebase_tim.o
                                      0xc54d0 (size before relaxing)
 .debug_str     0x00000000000dd073       0xc7 ./Source/ThirdParty/Core/Src/stm32f4xx_it.o
                                      0xd6b75 (size before relaxing)
 .debug_str     0x00000000000dd13a       0x89 ./Source/ThirdParty/Core/Src/system_stm32f4xx.o
                                      0xc4949 (size before relaxing)
 .debug_str     0x00000000000dd1c3       0x46 ./Source/ThirdParty/Core/Startup/startup_stm32f413zgjx.o
                                         0xb8 (size before relaxing)
 .debug_str     0x00000000000dd209      0x5cf ./Source/ThirdParty/Drivers/STM32F4xx_HAL_Driver/Src/stm32f4xx_hal.o
                                      0xc557f (size before relaxing)
 .debug_str     0x00000000000dd7d8      0x2b1 ./Source/ThirdParty/Drivers/STM32F4xx_HAL_Driver/Src/stm32f4xx_hal_cortex.o
                                      0xc528e (size before relaxing)
 .debug_str     0x00000000000dda89      0x359 ./Source/ThirdParty/Drivers/STM32F4xx_HAL_Driver/Src/stm32f4xx_hal_rcc.o
                                      0xc4d82 (size before relaxing)
 .debug_str     0x00000000000ddde2      0xe44 ./Source/ThirdParty/Drivers/STM32F4xx_HAL_Driver/Src/stm32f4xx_hal_tim.o
                                      0xc5c9f (size before relaxing)
 .debug_str     0x00000000000dec26      0x523 ./Source/ThirdParty/Drivers/STM32F4xx_HAL_Driver/Src/stm32f4xx_hal_tim_ex.o
                                      0xc55f0 (size before relaxing)
 .debug_str     0x00000000000df149     0x121a ./Source/ThirdParty/Drivers/STM32F4xx_HAL_Driver/Src/stm32f4xx_ll_tim.o
                                      0xc9c75 (size before relaxing)
 .debug_str     0x00000000000e0363     0x1699 ./Source/ThirdParty/Drivers/STM32F4xx_HAL_Driver/Src/stm32f4xx_ll_utils.o
                                      0xcfd1f (size before relaxing)
 .debug_str     0x00000000000e19fc     0x4d46 ./Source/ThirdParty/Middlewares/Third_Party/FreeRTOS/Source/CMSIS_RTOS_V2/cmsis_os2.o
                                      0xcf992 (size before relaxing)
 .debug_str     0x00000000000e6742      0x221 ./Source/ThirdParty/Middlewares/Third_Party/FreeRTOS/Source/list.o